 vterm

 Timestamp is 327aa86f (Sat Nov 02 01:48:31 1996)

 Preferred load address is 00400000

 Start         Length     Name                   Class
 0001:00000000 0000d128H .text                   CODE
 0002:00000000 00001334H .rdata                  DATA
 0002:00001338 00000ff0H .xdata$x                DATA
 0002:00002328 00000000H .edata                  DATA
 0003:00000000 00000004H .CRT$XCA                DATA
 0003:00000004 00000004H .CRT$XCL                DATA
 0003:00000008 0000000cH .CRT$XCU                DATA
 0003:00000014 00000004H .CRT$XCZ                DATA
 0003:00000018 00000004H .CRT$XIA                DATA
 0003:0000001c 00000004H .CRT$XIZ                DATA
 0003:00000020 000012bdH .data                   DATA
 0003:000012e0 000003c0H .bss                    DATA
 0004:00000000 000000a0H .idata$2                DATA
 0004:000000a0 00000014H .idata$3                DATA
 0004:000000b4 00000718H .idata$4                DATA
 0004:000007cc 00000718H .idata$5                DATA
 0004:00000ee4 00000478H .idata$6                DATA
 0005:00000000 00000880H .rsrc$01                DATA
 0005:00000880 00005458H .rsrc$02                DATA

  Address         Publics by Value              Rva+Base   Lib:Object

 0001:00000000       ??0COptions@@QAE@PAVCWnd@@@Z 00401000 f Options.obj
 0001:00000098       ?DoDataExchange@COptions@@MAEXPAVCDataExchange@@@Z 00401098 f Options.obj
 0001:000000fb       ?_GetBaseMessageMap@COptions@@KGPBUAFX_MSGMAP@@XZ 004010fb f Options.obj
 0001:00000110       ?GetMessageMap@COptions@@MBEPBUAFX_MSGMAP@@XZ 00401110 f Options.obj
 0001:00000130       ??_ECOptions@@UAEPAXI@Z    00401130 f Options.obj
 0001:00000130       ??_GCOptions@@UAEPAXI@Z    00401130 f Options.obj
 0001:00000170       ??1COptions@@UAE@XZ        00401170 f Options.obj
 0001:000001d0       ?CreateObject@CVTermView@@SGPAVCObject@@XZ 004011d0 f VTermView.obj
 0001:0000025b       ?_GetBaseClass@CVTermView@@KGPAUCRuntimeClass@@XZ 0040125b f VTermView.obj
 0001:00000270       ?GetRuntimeClass@CVTermView@@UBEPAUCRuntimeClass@@XZ 00401270 f VTermView.obj
 0001:0000028b       ?_GetBaseMessageMap@CVTermView@@KGPBUAFX_MSGMAP@@XZ 0040128b f VTermView.obj
 0001:000002a0       ?GetMessageMap@CVTermView@@MBEPBUAFX_MSGMAP@@XZ 004012a0 f VTermView.obj
 0001:000002bb       ??0CVTermView@@IAE@XZ      004012bb f VTermView.obj
 0001:000004ec       ??1CVTermView@@UAE@XZ      004014ec f VTermView.obj
 0001:00000594       ?TOOFlush@CVTermView@@AAEXPAVCDC@@@Z 00401594 f VTermView.obj
 0001:00000694       ?OnDraw@CVTermView@@UAEXPAVCDC@@@Z 00401694 f VTermView.obj
 0001:00000876       ?OnPaint@CVTermView@@IAEXXZ 00401876 f VTermView.obj
 0001:000009d2       ?AssertValid@CVTermView@@UBEXXZ 004019d2 f VTermView.obj
 0001:000009f0       ?Dump@CVTermView@@UBEXAAVCDumpContext@@@Z 004019f0 f VTermView.obj
 0001:00000a14       ?GetDocument@CVTermView@@QAEPAVCVTermDoc@@XZ 00401a14 f VTermView.obj
 0001:00000a60       ?OnSize@CVTermView@@IAEXIHH@Z 00401a60 f VTermView.obj
 0001:00000ace       ?OnUpdate@CVTermView@@MAEXPAVCView@@JPAVCObject@@@Z 00401ace f VTermView.obj
 0001:00000dcc       ?OUOFlush@CVTermView@@AAEXXZ 00401dcc f VTermView.obj
 0001:00000ee5       ?DetruitPolices@CVTermView@@AAEXXZ 00401ee5 f VTermView.obj
 0001:00000f74       ?ChoisitPoliceDeBase@CVTermView@@AAEXXZ 00401f74 f VTermView.obj
 0001:00001169       ?GenereCaret@CVTermView@@AAEXPAVCDC@@@Z 00402169 f VTermView.obj
 0001:000012fa       ?OnSetFocus@CVTermView@@IAEXPAVCWnd@@@Z 004022fa f VTermView.obj
 0001:000013a6       ?OnKillFocus@CVTermView@@IAEXPAVCWnd@@@Z 004023a6 f VTermView.obj
 0001:000013da       ?OnChar@CVTermView@@IAEXIII@Z 004023da f VTermView.obj
 0001:00001460       ?OnKeyDown@CVTermView@@IAEXIII@Z 00402460 f VTermView.obj
 0001:0000152f       ?OnSysKeyDown@CVTermView@@IAEXIII@Z 0040252f f VTermView.obj
 0001:0000160d       ?OnStats@CVTermView@@IAEXXZ 0040260d f VTermView.obj
 0001:0000168f       ?OnEditCopy@CVTermView@@IAEXXZ 0040268f f VTermView.obj
 0001:0000185e       ?OnEditPaste@CVTermView@@IAEXXZ 0040285e f VTermView.obj
 0001:00001927       ?DessineSelection@CVTermView@@AAEXPAVCDC@@@Z 00402927 f VTermView.obj
 0001:00001a84       ?OnLButtonDown@CVTermView@@IAEXIVCPoint@@@Z 00402a84 f VTermView.obj
 0001:00001b9b       ?OnMouseMove@CVTermView@@IAEXIVCPoint@@@Z 00402b9b f VTermView.obj
 0001:00001c82       ?OnLButtonUp@CVTermView@@IAEXIVCPoint@@@Z 00402c82 f VTermView.obj
 0001:00001dd6       ?OnContextMenu@CVTermView@@IAEXPAVCWnd@@VCPoint@@@Z 00402dd6 f VTermView.obj
 0001:00001ed4       ?PreTranslateMessage@CVTermView@@UAEHPAUtagMSG@@@Z 00402ed4 f VTermView.obj
 0001:00001fd0       ??_GCVTermView@@UAEPAXI@Z  00402fd0 f VTermView.obj
 0001:00001fd0       ??_ECVTermView@@UAEPAXI@Z  00402fd0 f VTermView.obj
 0001:00002010       ?OnDrawRect@CVTermView@@AAEXPAVCDC@@PAUtagRECT@@PAVCVTermDoc@@@Z 00403010 f VTermView.obj
 0001:00002110       ?DessineCellule@CVTermView@@AAEXPAVCDC@@UCellule@@HH@Z 00403110 f VTermView.obj
 0001:00002560       ??8Cellule@@QAEHAAU0@@Z    00403560 f VTermView.obj
 0001:000025f0       ?OnUpdateCellule@CVTermView@@AAEXHH@Z 004035f0 f VTermView.obj
 0001:000026a0       ??1CStatsWindow@@UAE@XZ    004036a0 f VTermView.obj
 0001:00002720       ?_GetBaseClass@CVTermSocket@@KGPAUCRuntimeClass@@XZ 00403720 f VTermSock.obj
 0001:00002735       ?GetRuntimeClass@CVTermSocket@@UBEPAUCRuntimeClass@@XZ 00403735 f VTermSock.obj
 0001:00002750       ??0CVTermSocket@@QAE@PAVCVTermDoc@@@Z 00403750 f VTermSock.obj
 0001:000027ca       ?OnReceive@CVTermSocket@@MAEXH@Z 004037ca f VTermSock.obj
 0001:00002846       ?OnClose@CVTermSocket@@MAEXH@Z 00403846 f VTermSock.obj
 0001:00002869       ?OnConnect@CVTermSocket@@MAEXH@Z 00403869 f VTermSock.obj
 0001:000028a0       ??_GCVTermSocket@@UAEPAXI@Z 004038a0 f VTermSock.obj
 0001:000028a0       ??_ECVTermSocket@@UAEPAXI@Z 004038a0 f VTermSock.obj
 0001:000028e0       ??1CVTermSocket@@UAE@XZ    004038e0 f VTermSock.obj
 0001:00002940       ?DoChaine@CVTermDoc@@QAEXPADH@Z 00403940 f VTermSock.obj
 0001:00002990       ??0CStatsWindow@@QAE@PAVCWnd@@@Z 00403990 f StatsWindow.obj
 0001:00002a25       ??0CStatsWindow@@QAE@PAVCVTermView@@PAVCWnd@@@Z 00403a25 f StatsWindow.obj
 0001:00002b55       ?DoDataExchange@CStatsWindow@@MAEXPAVCDataExchange@@@Z 00403b55 f StatsWindow.obj
 0001:00002c8b       ?_GetBaseMessageMap@CStatsWindow@@KGPBUAFX_MSGMAP@@XZ 00403c8b f StatsWindow.obj
 0001:00002ca0       ?GetMessageMap@CStatsWindow@@MBEPBUAFX_MSGMAP@@XZ 00403ca0 f StatsWindow.obj
 0001:00002cbb       ?OnInitDialog@CStatsWindow@@MAEHXZ 00403cbb f StatsWindow.obj
 0001:00002ee0       ?OnRAZStats@CStatsWindow@@IAEXXZ 00403ee0 f StatsWindow.obj
 0001:00003010       ??_ECStatsWindow@@UAEPAXI@Z 00404010 f StatsWindow.obj
 0001:00003010       ??_GCStatsWindow@@UAEPAXI@Z 00404010 f StatsWindow.obj
 0001:000030bb       ?ReaffichageComplet@@YAXXZ 004040bb f VTermGlobal.obj
 0001:0000313c       ?GenerePalette@@YAXQAK@Z   0040413c f VTermGlobal.obj
 0001:000032b0       ??1ConnexionRecente@@QAE@XZ 004042b0 f VTermGlobal.obj
 0001:00003340       ??0CColorButton@@QAE@XZ    00404340 f Couleurs.obj
 0001:000033b9       ?SetColor@CColorButton@@QAEXK@Z 004043b9 f Couleurs.obj
 0001:000033da       ?DrawItem@CColorButton@@UAEXPAUtagDRAWITEMSTRUCT@@@Z 004043da f Couleurs.obj
 0001:000035bd       ??0CCouleurs@@QAE@PAVCWnd@@@Z 004045bd f Couleurs.obj
 0001:00003841       ?DoDataExchange@CCouleurs@@MAEXPAVCDataExchange@@@Z 00404841 f Couleurs.obj
 0001:000039d3       ?_GetBaseMessageMap@CCouleurs@@KGPBUAFX_MSGMAP@@XZ 004049d3 f Couleurs.obj
 0001:000039e8       ?GetMessageMap@CCouleurs@@MBEPBUAFX_MSGMAP@@XZ 004049e8 f Couleurs.obj
 0001:00003a03       ?OnInitDialog@CCouleurs@@MAEHXZ 00404a03 f Couleurs.obj
 0001:00003b40       ?OnOK@CCouleurs@@MAEXXZ    00404b40 f Couleurs.obj
 0001:00003bce       ?OnCancel@CCouleurs@@MAEXXZ 00404bce f Couleurs.obj
 0001:00003c06       ?OnRestaurer@CCouleurs@@IAEXXZ 00404c06 f Couleurs.obj
 0001:00003c8c       ?ChangeCouleur@@YAXH@Z     00404c8c f Couleurs.obj
 0001:00003d60       ?OnBCNoir@CCouleurs@@IAEXXZ 00404d60 f Couleurs.obj
 0001:00003d80       ?OnBCNoirBrillant@CCouleurs@@IAEXXZ 00404d80 f Couleurs.obj
 0001:00003da0       ?OnBCBleu@CCouleurs@@IAEXXZ 00404da0 f Couleurs.obj
 0001:00003dc0       ?OnBCBleuBrillant@CCouleurs@@IAEXXZ 00404dc0 f Couleurs.obj
 0001:00003de0       ?OnBCVert@CCouleurs@@IAEXXZ 00404de0 f Couleurs.obj
 0001:00003e00       ?OnBCVertBrillant@CCouleurs@@IAEXXZ 00404e00 f Couleurs.obj
 0001:00003e20       ?OnBCCyan@CCouleurs@@IAEXXZ 00404e20 f Couleurs.obj
 0001:00003e40       ?OnBCCyanBrillant@CCouleurs@@IAEXXZ 00404e40 f Couleurs.obj
 0001:00003e60       ?OnBCRouge@CCouleurs@@IAEXXZ 00404e60 f Couleurs.obj
 0001:00003e80       ?OnBCRougeBrillant@CCouleurs@@IAEXXZ 00404e80 f Couleurs.obj
 0001:00003ea0       ?OnBCMagenta@CCouleurs@@IAEXXZ 00404ea0 f Couleurs.obj
 0001:00003ec0       ?OnBCMagentaBrillant@CCouleurs@@IAEXXZ 00404ec0 f Couleurs.obj
 0001:00003ee0       ?OnBCJaune@CCouleurs@@IAEXXZ 00404ee0 f Couleurs.obj
 0001:00003f00       ?OnBCJauneBrillant@CCouleurs@@IAEXXZ 00404f00 f Couleurs.obj
 0001:00003f20       ?OnBCBlanc@CCouleurs@@IAEXXZ 00404f20 f Couleurs.obj
 0001:00003f40       ?OnBCBlancBrillant@CCouleurs@@IAEXXZ 00404f40 f Couleurs.obj
 0001:00003f60       ??_GCColorButton@@UAEPAXI@Z 00404f60 f Couleurs.obj
 0001:00003f60       ??_ECColorButton@@UAEPAXI@Z 00404f60 f Couleurs.obj
 0001:00003fa0       ??1CColorButton@@UAE@XZ    00404fa0 f Couleurs.obj
 0001:00004000       ??_GCCouleurs@@UAEPAXI@Z   00405000 f Couleurs.obj
 0001:00004000       ??_ECCouleurs@@UAEPAXI@Z   00405000 f Couleurs.obj
 0001:00004040       ??1CCouleurs@@UAE@XZ       00405040 f Couleurs.obj
 0001:00004260       ??1CColorDialog@@UAE@XZ    00405260 f Couleurs.obj
 0001:000042c0       ??1CCommonDialog@@UAE@XZ   004052c0 f Couleurs.obj
 0001:00004320       ??0CBufferGlissant@@QAE@XZ 00405320 f BufferGlissant.obj
 0001:00004349       ?AjouteCaractere@CBufferGlissant@@QAEXD@Z 00405349 f BufferGlissant.obj
 0001:000043d2       ?bChaineDeFin@CBufferGlissant@@QAEHPAD@Z 004053d2 f BufferGlissant.obj
 0001:00004440       ?CreateObject@CHint@@SGPAVCObject@@XZ 00405440 f Terminal.obj
 0001:0000447d       ?_GetBaseClass@CHint@@KGPAUCRuntimeClass@@XZ 0040547d f Terminal.obj
 0001:00004492       ?GetRuntimeClass@CHint@@UBEPAUCRuntimeClass@@XZ 00405492 f Terminal.obj
 0001:000044e1       ??5@YGAAVCArchive@@AAV0@AAPAVCHint@@@Z 004054e1 f Terminal.obj
 0001:00004508       ??0Terminal@@QAE@XZ        00405508 f Terminal.obj
 0001:000046d9       ??1Terminal@@UAE@XZ        004056d9 f Terminal.obj
 0001:00004779       ?DoCarEtatEchap@Terminal@@AAEXE@Z 00405779 f Terminal.obj
 0001:00004832       ?DoCarEtatCrochet@Terminal@@AAEXE@Z 00405832 f Terminal.obj
 0001:00005c81       ?DoCarEtatEgal@Terminal@@AAEXE@Z 00406c81 f Terminal.obj
 0001:00005f62       ?DoCarEtatInterrogation@Terminal@@AAEXE@Z 00406f62 f Terminal.obj
 0001:00006050       ?DoCarPrefixe@Terminal@@AAEXE@Z 00407050 f Terminal.obj
 0001:00006137       ?DoCaractere@Terminal@@QAEXE@Z 00407137 f Terminal.obj
 0001:00006592       ?bPlaceCaractere@Terminal@@AAEHHHH@Z 00407592 f Terminal.obj
 0001:00006689       ?AvanceCurseur@Terminal@@AAEXXZ 00407689 f Terminal.obj
 0001:00006714       ?DoScroll@Terminal@@AAEXH@Z 00407714 f Terminal.obj
 0001:000067eb       ?szDecodeClavierChar@Terminal@@QAEPADI@Z 004077eb f Terminal.obj
 0001:00006875       ?szDecodeClavierKeyDown@Terminal@@QAEPADII@Z 00407875 f Terminal.obj
 0001:00006910       ??0CHint@@QAE@XZ           00407910 f Terminal.obj
 0001:00006980       ??_GCHint@@UAEPAXI@Z       00407980 f Terminal.obj
 0001:00006980       ??_ECHint@@UAEPAXI@Z       00407980 f Terminal.obj
 0001:000069c0       ??1CHint@@UAE@XZ           004079c0 f Terminal.obj
 0001:00006a20       ??_GTerminal@@UAEPAXI@Z    00407a20 f Terminal.obj
 0001:00006a20       ??_ETerminal@@UAEPAXI@Z    00407a20 f Terminal.obj
 0001:00006a60       ?ZoneAReafficher@Terminal@@AAEXHHHH@Z 00407a60 f Terminal.obj
 0001:00006ac0       ??0ConnexionRecente@@QAE@XZ 00407ac0 f ConnexionRecente.obj
 0001:00006b79       ?AddRecent@ConnexionRecente@@QAEXVCString@@@Z 00407b79 f ConnexionRecente.obj
 0001:00006ca8       ?Count@ConnexionRecente@@QAEHXZ 00407ca8 f ConnexionRecente.obj
 0001:00006cc3       ?sGetRecent@ConnexionRecente@@QAE?AVCString@@H@Z 00407cc3 f ConnexionRecente.obj
 0001:00006d67       ?UpdateMenu@ConnexionRecente@@QAEXPAVCCmdUI@@@Z 00407d67 f ConnexionRecente.obj
 0001:00006edb       ?Clear@ConnexionRecente@@QAEXXZ 00407edb f ConnexionRecente.obj
 0001:00006f30       ?CreateObject@CVTermDoc@@SGPAVCObject@@XZ 00407f30 f VTermDoc.obj
 0001:00006fbb       ?_GetBaseClass@CVTermDoc@@KGPAUCRuntimeClass@@XZ 00407fbb f VTermDoc.obj
 0001:00006fd0       ?GetRuntimeClass@CVTermDoc@@UBEPAUCRuntimeClass@@XZ 00407fd0 f VTermDoc.obj
 0001:00006feb       ?_GetBaseMessageMap@CVTermDoc@@KGPBUAFX_MSGMAP@@XZ 00407feb f VTermDoc.obj
 0001:00007000       ?GetMessageMap@CVTermDoc@@MBEPBUAFX_MSGMAP@@XZ 00408000 f VTermDoc.obj
 0001:0000701b       ??0CVTermDoc@@IAE@XZ       0040801b f VTermDoc.obj
 0001:0000718c       ??1CVTermDoc@@UAE@XZ       0040818c f VTermDoc.obj
 0001:00007299       ?AssertValid@CVTermDoc@@UBEXXZ 00408299 f VTermDoc.obj
 0001:000072b7       ?Dump@CVTermDoc@@UBEXAAVCDumpContext@@@Z 004082b7 f VTermDoc.obj
 0001:000072db       ?DoCaractereTerm@CVTermDoc@@AAEXD@Z 004082db f VTermDoc.obj
 0001:0000737b       ?SynchroCurseurTerm@CVTermDoc@@AAEXXZ 0040837b f VTermDoc.obj
 0001:000073b3       ?SaveModified@CVTermDoc@@MAEHXZ 004083b3 f VTermDoc.obj
 0001:000073fc       ?OnFileClose@CVTermDoc@@IAEXXZ 004083fc f VTermDoc.obj
 0001:0000742a       ?Deconnexion@CVTermDoc@@QAEXXZ 0040842a f VTermDoc.obj
 0001:000075af       ?EnvoieChaineHost@CVTermDoc@@QAEXPBDHH@Z 004085af f VTermDoc.obj
 0001:000076b2       ?EnvoieCaractereHost@CVTermDoc@@QAEXD@Z 004086b2 f VTermDoc.obj
 0001:000076e4       ?TestFichier@CVTermDoc@@AAEXPAD@Z 004086e4 f VTermDoc.obj
 0001:00007915       ?OnTestPerformances@CVTermDoc@@IAEXXZ 00408915 f VTermDoc.obj
 0001:00007938       ?OnTestDefilement@CVTermDoc@@IAEXXZ 00408938 f VTermDoc.obj
 0001:0000795b       ?OnTestMire@CVTermDoc@@IAEXXZ 0040895b f VTermDoc.obj
 0001:00007a64       ?OnNewDocument@CVTermDoc@@UAEHXZ 00408a64 f VTermDoc.obj
 0001:00007e66       ?OnOpenDocument@CVTermDoc@@UAEHPBD@Z 00408e66 f VTermDoc.obj
 0001:00007fa4       ?bDemandeDeConnexion@CVTermDoc@@AAEHXZ 00408fa4 f VTermDoc.obj
 0001:00008be4       ?EnvoieNegociation@CVTermDoc@@AAEXEE@Z 00409be4 f VTermDoc.obj
 0001:00008c1c       ?DoCaractereNegociation@CVTermDoc@@AAEXE@Z 00409c1c f VTermDoc.obj
 0001:00008de0       ?DoCaractereIAC@CVTermDoc@@AAEXD@Z 00409de0 f VTermDoc.obj
 0001:00008ef1       ?DoCaractereSB@CVTermDoc@@AAEXD@Z 00409ef1 f VTermDoc.obj
 0001:00008f53       ?DoCaractereSBTType@CVTermDoc@@AAEXD@Z 00409f53 f VTermDoc.obj
 0001:00008fed       ?DoCaractere@CVTermDoc@@QAEXD@Z 00409fed f VTermDoc.obj
 0001:00009137       ?DoSync@CVTermDoc@@QAEXXZ  0040a137 f VTermDoc.obj
 0001:00009278       ?OnUpdateFileClose@CVTermDoc@@IAEXPAVCCmdUI@@@Z 0040a278 f VTermDoc.obj
 0001:000092b0       ??_GCVTermDoc@@UAEPAXI@Z   0040a2b0 f VTermDoc.obj
 0001:000092b0       ??_ECVTermDoc@@UAEPAXI@Z   0040a2b0 f VTermDoc.obj
 0001:000092f0       ?bVueAMettreAJour@Terminal@@QAEHXZ 0040a2f0 f VTermDoc.obj
 0001:00009350       ?DoChaineTerm@CVTermDoc@@AAEXPBD@Z 0040a350 f VTermDoc.obj
 0001:000093a0       ??1CRemoteHost@@UAE@XZ     0040a3a0 f VTermDoc.obj
 0001:00009590       ?_GetBaseMessageMap@CVTermApp@@KGPBUAFX_MSGMAP@@XZ 0040a590 f VTerm.obj
 0001:000095a5       ?GetMessageMap@CVTermApp@@MBEPBUAFX_MSGMAP@@XZ 0040a5a5 f VTerm.obj
 0001:000095c0       ??0CVTermApp@@QAE@XZ       0040a5c0 f VTerm.obj
 0001:0000969c       ?InitInstance@CVTermApp@@UAEHXZ 0040a69c f VTerm.obj
 0001:00009d01       ?Usage@CVTermApp@@AAEXXZ   0040ad01 f VTerm.obj
 0001:00009d2b       ?ExitInstance@CVTermApp@@UAEHXZ 0040ad2b f VTerm.obj
 0001:00009d94       ??0CAboutDlg@@QAE@XZ       0040ad94 f VTerm.obj
 0001:00009e07       ?DoDataExchange@CAboutDlg@@MAEXPAVCDataExchange@@@Z 0040ae07 f VTerm.obj
 0001:00009e2b       ?_GetBaseMessageMap@CAboutDlg@@KGPBUAFX_MSGMAP@@XZ 0040ae2b f VTerm.obj
 0001:00009e40       ?GetMessageMap@CAboutDlg@@MBEPBUAFX_MSGMAP@@XZ 0040ae40 f VTerm.obj
 0001:00009e5b       ?OnAppAbout@CVTermApp@@QAEXXZ 0040ae5b f VTerm.obj
 0001:00009ec5       ?OnAboutWinsock@CVTermApp@@QAEXXZ 0040aec5 f VTerm.obj
 0001:00009f34       ?OnInitDialog@CAboutDlg@@MAEHXZ 0040af34 f VTerm.obj
 0001:0000a032       ?OnUpdateNextWindow@CVTermApp@@QAEXPAVCCmdUI@@@Z 0040b032 f VTerm.obj
 0001:0000a0ef       ?OnUpdateEditPaste@CVTermApp@@QAEXPAVCCmdUI@@@Z 0040b0ef f VTerm.obj
 0001:0000a158       ?OnOptions@CVTermApp@@QAEXXZ 0040b158 f VTerm.obj
 0001:0000a242       ?OnCouleurs@CVTermApp@@QAEXXZ 0040b242 f VTerm.obj
 0001:0000a739       ?OnUpdateFileMruFile1@CVTermApp@@QAEXPAVCCmdUI@@@Z 0040b739 f VTerm.obj
 0001:0000a75f       ?OnFileMruFile1@CVTermApp@@QAEXXZ 0040b75f f VTerm.obj
 0001:0000a7df       ?OnFileMruFile2@CVTermApp@@QAEXXZ 0040b7df f VTerm.obj
 0001:0000a85f       ?OnFileMruFile3@CVTermApp@@QAEXXZ 0040b85f f VTerm.obj
 0001:0000a8df       ?OnFileMruFile4@CVTermApp@@QAEXXZ 0040b8df f VTerm.obj
 0001:0000a95f       ?OnFileMruFile5@CVTermApp@@QAEXXZ 0040b95f f VTerm.obj
 0001:0000a9df       ?OnFileMruFile6@CVTermApp@@QAEXXZ 0040b9df f VTerm.obj
 0001:0000aa5f       ?OnUpdateTestperformances@CVTermApp@@QAEXPAVCCmdUI@@@Z 0040ba5f f VTerm.obj
 0001:0000aa77       ?OnUpdateStats@CVTermApp@@QAEXPAVCCmdUI@@@Z 0040ba77 f VTerm.obj
 0001:0000aa8f       ?OnUpdateTestdefilement@CVTermApp@@QAEXPAVCCmdUI@@@Z 0040ba8f f VTerm.obj
 0001:0000aaa7       ?OnUpdateTestmire@CVTermApp@@QAEXPAVCCmdUI@@@Z 0040baa7 f VTerm.obj
 0001:0000aac0       ??_ECVTermApp@@UAEPAXI@Z   0040bac0 f VTerm.obj
 0001:0000aac0       ??_GCVTermApp@@UAEPAXI@Z   0040bac0 f VTerm.obj
 0001:0000ab00       ??1CVTermApp@@UAE@XZ       0040bb00 f VTerm.obj
 0001:0000ab60       ??_GCAboutDlg@@UAEPAXI@Z   0040bb60 f VTerm.obj
 0001:0000ab60       ??_ECAboutDlg@@UAEPAXI@Z   0040bb60 f VTerm.obj
 0001:0000aba0       ??1CAboutDlg@@UAE@XZ       0040bba0 f VTerm.obj
 0001:0000ac00       ??1CAboutWinsock@@UAE@XZ   0040bc00 f VTerm.obj
 0001:0000acb0       ??0CAboutWinsock@@QAE@PAVCWnd@@@Z 0040bcb0 f AboutVTerm.obj
 0001:0000adf2       ?DoDataExchange@CAboutWinsock@@MAEXPAVCDataExchange@@@Z 0040bdf2 f AboutVTerm.obj
 0001:0000ae7f       ?_GetBaseMessageMap@CAboutWinsock@@KGPBUAFX_MSGMAP@@XZ 0040be7f f AboutVTerm.obj
 0001:0000ae94       ?GetMessageMap@CAboutWinsock@@MBEPBUAFX_MSGMAP@@XZ 0040be94 f AboutVTerm.obj
 0001:0000aeb0       ??_ECAboutWinsock@@UAEPAXI@Z 0040beb0 f AboutVTerm.obj
 0001:0000aeb0       ??_GCAboutWinsock@@UAEPAXI@Z 0040beb0 f AboutVTerm.obj
 0001:0000aef0       ?_GetBaseClass@CMainFrame@@KGPAUCRuntimeClass@@XZ 0040bef0 f mainfrm.obj
 0001:0000af05       ?GetRuntimeClass@CMainFrame@@UBEPAUCRuntimeClass@@XZ 0040bf05 f mainfrm.obj
 0001:0000af20       ?_GetBaseMessageMap@CMainFrame@@KGPBUAFX_MSGMAP@@XZ 0040bf20 f mainfrm.obj
 0001:0000af35       ?GetMessageMap@CMainFrame@@MBEPBUAFX_MSGMAP@@XZ 0040bf35 f mainfrm.obj
 0001:0000af50       ??0CMainFrame@@QAE@XZ      0040bf50 f mainfrm.obj
 0001:0000b001       ??1CMainFrame@@UAE@XZ      0040c001 f mainfrm.obj
 0001:0000b0a1       ?OnCreate@CMainFrame@@IAEHPAUtagCREATESTRUCTA@@@Z 0040c0a1 f mainfrm.obj
 0001:0000b229       ?AssertValid@CMainFrame@@UBEXXZ 0040c229 f mainfrm.obj
 0001:0000b247       ?Dump@CMainFrame@@UBEXAAVCDumpContext@@@Z 0040c247 f mainfrm.obj
 0001:0000b26b       ?OnNextWindow@CMainFrame@@IAEXXZ 0040c26b f mainfrm.obj
 0001:0000b289       ?OnPolice@CMainFrame@@IAEXXZ 0040c289 f mainfrm.obj
 0001:0000b3b3       ?OnUpdateStatusConnexion@CMainFrame@@IAEXPAVCCmdUI@@@Z 0040c3b3 f mainfrm.obj
 0001:0000b45f       ?OnUpdateCoordonneesCurseur@CMainFrame@@IAEXPAVCCmdUI@@@Z 0040c45f f mainfrm.obj
 0001:0000b51a       ?SetStatus@CMainFrame@@QAEXVCString@@@Z 0040c51a f mainfrm.obj
 0001:0000b590       ??_ECMainFrame@@UAEPAXI@Z  0040c590 f mainfrm.obj
 0001:0000b590       ??_GCMainFrame@@UAEPAXI@Z  0040c590 f mainfrm.obj
 0001:0000b5d0       ??1CMDIFrameWnd@@UAE@XZ    0040c5d0 f mainfrm.obj
 0001:0000b630       ??1CFontDialog@@UAE@XZ     0040c630 f mainfrm.obj
 0001:0000b690       ??0CRemoteHost@@QAE@PAVCWnd@@@Z 0040c690 f RemoteHost.obj
 0001:0000b92b       ?DoDataExchange@CRemoteHost@@MAEXPAVCDataExchange@@@Z 0040c92b f RemoteHost.obj
 0001:0000baf3       ?_GetBaseMessageMap@CRemoteHost@@KGPBUAFX_MSGMAP@@XZ 0040caf3 f RemoteHost.obj
 0001:0000bb08       ?GetMessageMap@CRemoteHost@@MBEPBUAFX_MSGMAP@@XZ 0040cb08 f RemoteHost.obj
 0001:0000bb23       ?OnInitDialog@CRemoteHost@@MAEHXZ 0040cb23 f RemoteHost.obj
 0001:0000bd25       ?DoHost@CRemoteHost@@AAEXH@Z 0040cd25 f RemoteHost.obj
 0001:0000bdb4       ?OnHost1@CRemoteHost@@IAEXXZ 0040cdb4 f RemoteHost.obj
 0001:0000bdd4       ?OnHost2@CRemoteHost@@IAEXXZ 0040cdd4 f RemoteHost.obj
 0001:0000bdf4       ?OnHost3@CRemoteHost@@IAEXXZ 0040cdf4 f RemoteHost.obj
 0001:0000be14       ?OnHost4@CRemoteHost@@IAEXXZ 0040ce14 f RemoteHost.obj
 0001:0000be34       ?OnHost5@CRemoteHost@@IAEXXZ 0040ce34 f RemoteHost.obj
 0001:0000be54       ?OnHost6@CRemoteHost@@IAEXXZ 0040ce54 f RemoteHost.obj
 0001:0000be74       ?OnAutologin@CRemoteHost@@IAEXXZ 0040ce74 f RemoteHost.obj
 0001:0000bedc       ?OnAvance@CRemoteHost@@IAEXXZ 0040cedc f RemoteHost.obj
 0001:0000bf35       ?OnClearRecent@CRemoteHost@@IAEXXZ 0040cf35 f RemoteHost.obj
 0001:0000bf90       ??_GCRemoteHost@@UAEPAXI@Z 0040cf90 f RemoteHost.obj
 0001:0000bf90       ??_ECRemoteHost@@UAEPAXI@Z 0040cf90 f RemoteHost.obj
 0001:0000bfc6       ?PreInitDialog@CDialog@@MAEXXZ 0040cfc6 f mfc42d:MFC42D.DLL
 0001:0000bfcc       ?OnCancel@CDialog@@MAEXXZ  0040cfcc f mfc42d:MFC42D.DLL
 0001:0000bfd2       ?OnOK@CDialog@@MAEXXZ      0040cfd2 f mfc42d:MFC42D.DLL
 0001:0000bfd8       ?OnSetFont@CDialog@@UAEXPAVCFont@@@Z 0040cfd8 f mfc42d:MFC42D.DLL
 0001:0000bfde       ?OnInitDialog@CDialog@@UAEHXZ 0040cfde f mfc42d:MFC42D.DLL
 0001:0000bfe4       ?DoModal@CDialog@@UAEHXZ   0040cfe4 f mfc42d:MFC42D.DLL
 0001:0000bfea       ?SetOccDialogInfo@CDialog@@MAEHPAU_AFX_OCC_DIALOG_INFO@@@Z 0040cfea f mfc42d:MFC42D.DLL
 0001:0000bff0       ?IsFrameWnd@CWnd@@UBEHXZ   0040cff0 f mfc42d:MFC42D.DLL
 0001:0000bff6       ?CheckAutoCenter@CDialog@@UAEHXZ 0040cff6 f mfc42d:MFC42D.DLL
 0001:0000bffc       ?OnChildNotify@CWnd@@MAEHIIJPAJ@Z 0040cffc f mfc42d:MFC42D.DLL
 0001:0000c002       ?PostNcDestroy@CWnd@@MAEXXZ 0040d002 f mfc42d:MFC42D.DLL
 0001:0000c008       ?DefWindowProcA@CWnd@@MAEJIIJ@Z 0040d008 f mfc42d:MFC42D.DLL
 0001:0000c00e       ?OnWndMsg@CWnd@@MAEHIIJPAJ@Z 0040d00e f mfc42d:MFC42D.DLL
 0001:0000c014       ?WindowProc@CWnd@@MAEJIIJ@Z 0040d014 f mfc42d:MFC42D.DLL
 0001:0000c01a       ?OnAmbientProperty@CWnd@@UAEHPAVCOleControlSite@@JPAUtagVARIANT@@@Z 0040d01a f mfc42d:MFC42D.DLL
 0001:0000c020       ?PreTranslateMessage@CDialog@@UAEHPAUtagMSG@@@Z 0040d020 f mfc42d:MFC42D.DLL
 0001:0000c026       ?EndModalState@CWnd@@UAEXXZ 0040d026 f mfc42d:MFC42D.DLL
 0001:0000c02c       ?BeginModalState@CWnd@@UAEXXZ 0040d02c f mfc42d:MFC42D.DLL
 0001:0000c032       ?GetSuperWndProcAddr@CWnd@@MAEPAP6GJPAUHWND__@@IIJ@ZXZ 0040d032 f mfc42d:MFC42D.DLL
 0001:0000c038       ?OnNotify@CWnd@@MAEHIJPAJ@Z 0040d038 f mfc42d:MFC42D.DLL
 0001:0000c03e       ?OnCommand@CWnd@@MAEHIJ@Z  0040d03e f mfc42d:MFC42D.DLL
 0001:0000c044       ?EndModalLoop@CWnd@@UAEXH@Z 0040d044 f mfc42d:MFC42D.DLL
 0001:0000c04a       ?ContinueModal@CWnd@@UAEHXZ 0040d04a f mfc42d:MFC42D.DLL
 0001:0000c050       ?WinHelpA@CWnd@@UAEXKI@Z   0040d050 f mfc42d:MFC42D.DLL
 0001:0000c056       ?GetScrollBarCtrl@CWnd@@UBEPAVCScrollBar@@H@Z 0040d056 f mfc42d:MFC42D.DLL
 0001:0000c05c       ?OnToolHitTest@CWnd@@UBEHVCPoint@@PAUtagTOOLINFOA@@@Z 0040d05c f mfc42d:MFC42D.DLL
 0001:0000c062       ?CalcWindowRect@CWnd@@UAEXPAUtagRECT@@I@Z 0040d062 f mfc42d:MFC42D.DLL
 0001:0000c068       ?PreCreateWindow@CWnd@@UAEHAAUtagCREATESTRUCTA@@@Z 0040d068 f mfc42d:MFC42D.DLL
 0001:0000c06e       ?DestroyWindow@CWnd@@UAEHXZ 0040d06e f mfc42d:MFC42D.DLL
 0001:0000c074       ?Create@CWnd@@UAEHPBD0KABUtagRECT@@PAV1@IPAUCCreateContext@@@Z 0040d074 f mfc42d:MFC42D.DLL
 0001:0000c07a       ?PreSubclassWindow@CWnd@@UAEXXZ 0040d07a f mfc42d:MFC42D.DLL
 0001:0000c080       ?GetConnectionHook@CCmdTarget@@MAEPAUIConnectionPoint@@ABU_GUID@@@Z 0040d080 f mfc42d:MFC42D.DLL
 0001:0000c086       ?GetExtraConnectionPoints@CCmdTarget@@MAEHPAVCPtrArray@@@Z 0040d086 f mfc42d:MFC42D.DLL
 0001:0000c08c       ?GetInterfaceHook@CCmdTarget@@UAEPAUIUnknown@@PBX@Z 0040d08c f mfc42d:MFC42D.DLL
 0001:0000c092       ?OnCreateAggregates@CCmdTarget@@UAEHXZ 0040d092 f mfc42d:MFC42D.DLL
 0001:0000c098       ?GetEventSinkMap@CCmdTarget@@MBEPBUAFX_EVENTSINKMAP@@XZ 0040d098 f mfc42d:MFC42D.DLL
 0001:0000c09e       ?GetInterfaceMap@CCmdTarget@@MBEPBUAFX_INTERFACEMAP@@XZ 0040d09e f mfc42d:MFC42D.DLL
 0001:0000c0a4       ?GetConnectionMap@CCmdTarget@@MBEPBUAFX_CONNECTIONMAP@@XZ 0040d0a4 f mfc42d:MFC42D.DLL
 0001:0000c0aa       ?GetDispatchMap@CCmdTarget@@MBEPBUAFX_DISPMAP@@XZ 0040d0aa f mfc42d:MFC42D.DLL
 0001:0000c0b0       ?GetCommandMap@CCmdTarget@@MBEPBUAFX_OLECMDMAP@@XZ 0040d0b0 f mfc42d:MFC42D.DLL
 0001:0000c0b6       ?GetTypeLib@CCmdTarget@@UAEJKPAPAUITypeLib@@@Z 0040d0b6 f mfc42d:MFC42D.DLL
 0001:0000c0bc       ?GetTypeLibCache@CCmdTarget@@UAEPAVCTypeLibCache@@XZ 0040d0bc f mfc42d:MFC42D.DLL
 0001:0000c0c2       ?GetTypeInfoCount@CCmdTarget@@UAEIXZ 0040d0c2 f mfc42d:MFC42D.DLL
 0001:0000c0c8       ?GetDispatchIID@CCmdTarget@@UAEHPAU_GUID@@@Z 0040d0c8 f mfc42d:MFC42D.DLL
 0001:0000c0ce       ?IsInvokeAllowed@CCmdTarget@@UAEHJ@Z 0040d0ce f mfc42d:MFC42D.DLL
 0001:0000c0d4       ?OnFinalRelease@CWnd@@UAEXXZ 0040d0d4 f mfc42d:MFC42D.DLL
 0001:0000c0da       ?OnCmdMsg@CDialog@@UAEHIHPAXPAUAFX_CMDHANDLERINFO@@@Z 0040d0da f mfc42d:MFC42D.DLL
 0001:0000c0e0       ?Dump@CDialog@@UBEXAAVCDumpContext@@@Z 0040d0e0 f mfc42d:MFC42D.DLL
 0001:0000c0e6       ?AssertValid@CDialog@@UBEXXZ 0040d0e6 f mfc42d:MFC42D.DLL
 0001:0000c0ec       ?Serialize@CObject@@UAEXAAVCArchive@@@Z 0040d0ec f mfc42d:MFC42D.DLL
 0001:0000c0f2       ?GetRuntimeClass@CDialog@@UBEPAUCRuntimeClass@@XZ 0040d0f2 f mfc42d:MFC42D.DLL
 0001:0000c0f8       ??1CDialog@@UAE@XZ         0040d0f8 f mfc42d:MFC42D.DLL
 0001:0000c0fe       ??0CDialog@@QAE@IPAVCWnd@@@Z 0040d0fe f mfc42d:MFC42D.DLL
 0001:0000c104       ??3CObject@@SGXPAX@Z       0040d104 f mfc42d:MFC42D.DLL
 0001:0000c10a       ?DDX_Check@@YGXPAVCDataExchange@@HAAH@Z 0040d10a f mfc42d:MFC42D.DLL
 0001:0000c110       ?DDX_Radio@@YGXPAVCDataExchange@@HAAH@Z 0040d110 f mfc42d:MFC42D.DLL
 0001:0000c116       ?DoDataExchange@CWnd@@MAEXPAVCDataExchange@@@Z 0040d116 f mfc42d:MFC42D.DLL
 0001:0000c11c       ?messageMap@CDialog@@1UAFX_MSGMAP@@B 0040d11c f mfc42d:MFC42D.DLL
 0001:0000c122       ?OnDestroy@CView@@IAEXXZ   0040d122 f mfc42d:MFC42D.DLL
 0001:0000c128       ??2CObject@@SGPAXI@Z       0040d128 f mfc42d:MFC42D.DLL
 0001:0000c12e       ?classCView@CView@@2UCRuntimeClass@@B 0040d12e f mfc42d:MFC42D.DLL
 0001:0000c134       ?messageMap@CView@@1UAFX_MSGMAP@@B 0040d134 f mfc42d:MFC42D.DLL
 0001:0000c13a       ?OnEndPrintPreview@CView@@MAEXPAVCDC@@PAUCPrintInfo@@UtagPOINT@@PAVCPreviewView@@@Z 0040d13a f mfc42d:MFC42D.DLL
 0001:0000c140       ?OnEndPrinting@CView@@MAEXPAVCDC@@PAUCPrintInfo@@@Z 0040d140 f mfc42d:MFC42D.DLL
 0001:0000c146       ?OnPrint@CView@@MAEXPAVCDC@@PAUCPrintInfo@@@Z 0040d146 f mfc42d:MFC42D.DLL
 0001:0000c14c       ?OnBeginPrinting@CView@@MAEXPAVCDC@@PAUCPrintInfo@@@Z 0040d14c f mfc42d:MFC42D.DLL
 0001:0000c152       ?OnPreparePrinting@CView@@MAEHPAUCPrintInfo@@@Z 0040d152 f mfc42d:MFC42D.DLL
 0001:0000c158       ?OnActivateFrame@CView@@MAEXIPAVCFrameWnd@@@Z 0040d158 f mfc42d:MFC42D.DLL
 0001:0000c15e       ?OnActivateView@CView@@MAEXHPAV1@0@Z 0040d15e f mfc42d:MFC42D.DLL
 0001:0000c164       ?OnInitialUpdate@CView@@UAEXXZ 0040d164 f mfc42d:MFC42D.DLL
 0001:0000c16a       ?OnPrepareDC@CView@@UAEXPAVCDC@@PAUCPrintInfo@@@Z 0040d16a f mfc42d:MFC42D.DLL
 0001:0000c170       ?OnDragScroll@CView@@UAEKKVCPoint@@@Z 0040d170 f mfc42d:MFC42D.DLL
 0001:0000c176       ?OnDropEx@CView@@UAEKPAVCOleDataObject@@KKVCPoint@@@Z 0040d176 f mfc42d:MFC42D.DLL
 0001:0000c17c       ?OnDrop@CView@@UAEHPAVCOleDataObject@@KVCPoint@@@Z 0040d17c f mfc42d:MFC42D.DLL
 0001:0000c182       ?OnDragLeave@CView@@UAEXXZ 0040d182 f mfc42d:MFC42D.DLL
 0001:0000c188       ?OnDragOver@CView@@UAEKPAVCOleDataObject@@KVCPoint@@@Z 0040d188 f mfc42d:MFC42D.DLL
 0001:0000c18e       ?OnDragEnter@CView@@UAEKPAVCOleDataObject@@KVCPoint@@@Z 0040d18e f mfc42d:MFC42D.DLL
 0001:0000c194       ?OnScrollBy@CView@@UAEHVCSize@@H@Z 0040d194 f mfc42d:MFC42D.DLL
 0001:0000c19a       ?OnScroll@CView@@UAEHIIH@Z 0040d19a f mfc42d:MFC42D.DLL
 0001:0000c1a0       ?IsSelected@CView@@UBEHPBVCObject@@@Z 0040d1a0 f mfc42d:MFC42D.DLL
 0001:0000c1a6       ?SetOccDialogInfo@CWnd@@MAEHPAU_AFX_OCC_DIALOG_INFO@@@Z 0040d1a6 f mfc42d:MFC42D.DLL
 0001:0000c1ac       ?CheckAutoCenter@CWnd@@UAEHXZ 0040d1ac f mfc42d:MFC42D.DLL
 0001:0000c1b2       ?PostNcDestroy@CView@@MAEXXZ 0040d1b2 f mfc42d:MFC42D.DLL
 0001:0000c1b8       ?GetScrollBarCtrl@CView@@UBEPAVCScrollBar@@H@Z 0040d1b8 f mfc42d:MFC42D.DLL
 0001:0000c1be       ?CalcWindowRect@CView@@UAEXPAUtagRECT@@I@Z 0040d1be f mfc42d:MFC42D.DLL
 0001:0000c1c4       ?PreCreateWindow@CView@@MAEHAAUtagCREATESTRUCTA@@@Z 0040d1c4 f mfc42d:MFC42D.DLL
 0001:0000c1ca       ?OnCmdMsg@CView@@MAEHIHPAXPAUAFX_CMDHANDLERINFO@@@Z 0040d1ca f mfc42d:MFC42D.DLL
 0001:0000c1d0       ??1CView@@UAE@XZ           0040d1d0 f mfc42d:MFC42D.DLL
 0001:0000c1d6       ??1CDC@@UAE@XZ             0040d1d6 f mfc42d:MFC42D.DLL
 0001:0000c1dc       ?GetDeviceCaps@CDC@@QBEHH@Z 0040d1dc f mfc42d:MFC42D.DLL
 0001:0000c1e2       ?CreateCompatibleDC@CDC@@QAEHPAV1@@Z 0040d1e2 f mfc42d:MFC42D.DLL
 0001:0000c1e8       ??0CDC@@QAE@XZ             0040d1e8 f mfc42d:MFC42D.DLL
 0001:0000c1ee       ??0CView@@IAE@XZ           0040d1ee f mfc42d:MFC42D.DLL
 0001:0000c1f4       ?SelectPalette@CDC@@QAEPAVCPalette@@PAV2@H@Z 0040d1f4 f mfc42d:MFC42D.DLL
 0001:0000c1fa       ??0CRect@@QAE@XZ           0040d1fa f mfc42d:MFC42D.DLL
 0001:0000c200       ?RealizePalette@CDC@@QAEIXZ 0040d200 f mfc42d:MFC42D.DLL
 0001:0000c206       ?CreateFontA@CFont@@QAEHHHHHHEEEEEEEEPBD@Z 0040d206 f mfc42d:MFC42D.DLL
 0001:0000c20c       ??0CFont@@QAE@XZ           0040d20c f mfc42d:MFC42D.DLL
 0001:0000c212       ??1CPaintDC@@UAE@XZ        0040d212 f mfc42d:MFC42D.DLL
 0001:0000c218       ?AfxAssertFailedLine@@YGHPBDH@Z 0040d218 f mfc42d:MFC42D.DLL
 0001:0000c21e       ??0CPaintDC@@QAE@PAVCWnd@@@Z 0040d21e f mfc42d:MFC42D.DLL
 0001:0000c224       ?AssertValid@CView@@UBEXXZ 0040d224 f mfc42d:MFC42D.DLL
 0001:0000c22a       ?Dump@CView@@UBEXAAVCDumpContext@@@Z 0040d22a f mfc42d:MFC42D.DLL
 0001:0000c230       ?IsKindOf@CObject@@QBEHPBUCRuntimeClass@@@Z 0040d230 f mfc42d:MFC42D.DLL
 0001:0000c236       ?OnSize@CWnd@@IAEXIHH@Z    0040d236 f mfc42d:MFC42D.DLL
 0001:0000c23c       ?Invalidate@CWnd@@QAEXH@Z  0040d23c f mfc42d:MFC42D.DLL
 0001:0000c242       ?UpdateWindow@CWnd@@QAEXXZ 0040d242 f mfc42d:MFC42D.DLL
 0001:0000c248       ?InvalidateRect@CWnd@@QAEXPBUtagRECT@@H@Z 0040d248 f mfc42d:MFC42D.DLL
 0001:0000c24e       ??0CRect@@QAE@HHHH@Z       0040d24e f mfc42d:MFC42D.DLL
 0001:0000c254       ?ShowCaret@CWnd@@QAEXXZ    0040d254 f mfc42d:MFC42D.DLL
 0001:0000c25a       ?CreateCaret@CWnd@@QAEXPAVCBitmap@@@Z 0040d25a f mfc42d:MFC42D.DLL
 0001:0000c260       ?ReleaseDC@CWnd@@QAEHPAVCDC@@@Z 0040d260 f mfc42d:MFC42D.DLL
 0001:0000c266       ?GetTextMetricsA@CDC@@QBEHPAUtagTEXTMETRICA@@@Z 0040d266 f mfc42d:MFC42D.DLL
 0001:0000c26c       ?GetDC@CWnd@@QAEPAVCDC@@XZ 0040d26c f mfc42d:MFC42D.DLL
 0001:0000c272       ??1CBrush@@UAE@XZ          0040d272 f mfc42d:MFC42D.DLL
 0001:0000c278       ?SelectObject@CDC@@QAEPAVCBrush@@PAV2@@Z 0040d278 f mfc42d:MFC42D.DLL
 0001:0000c27e       ?SelectObject@CDC@@QAEPAVCBitmap@@PAV2@@Z 0040d27e f mfc42d:MFC42D.DLL
 0001:0000c284       ?PatBlt@CDC@@QAEHHHHHK@Z   0040d284 f mfc42d:MFC42D.DLL
 0001:0000c28a       ??0CBrush@@QAE@K@Z         0040d28a f mfc42d:MFC42D.DLL
 0001:0000c290       ?CreateCompatibleBitmap@CBitmap@@QAEHPAVCDC@@HH@Z 0040d290 f mfc42d:MFC42D.DLL
 0001:0000c296       ??0CBitmap@@QAE@XZ         0040d296 f mfc42d:MFC42D.DLL
 0001:0000c29c       ?OnSetFocus@CWnd@@IAEXPAV1@@Z 0040d29c f mfc42d:MFC42D.DLL
 0001:0000c2a2       ?OnKillFocus@CWnd@@IAEXPAV1@@Z 0040d2a2 f mfc42d:MFC42D.DLL
 0001:0000c2a8       ?OnChar@CWnd@@IAEXIII@Z    0040d2a8 f mfc42d:MFC42D.DLL
 0001:0000c2ae       ?OnKeyDown@CWnd@@IAEXIII@Z 0040d2ae f mfc42d:MFC42D.DLL
 0001:0000c2b4       ?OnSysKeyDown@CWnd@@IAEXIII@Z 0040d2b4 f mfc42d:MFC42D.DLL
 0001:0000c2ba       ??1CListBox@@UAE@XZ        0040d2ba f mfc42d:MFC42D.DLL
 0001:0000c2c0       ?OpenClipboard@CWnd@@QAEHXZ 0040d2c0 f mfc42d:MFC42D.DLL
 0001:0000c2c6       ?SetROP2@CDC@@QAEHH@Z      0040d2c6 f mfc42d:MFC42D.DLL
 0001:0000c2cc       ?Rectangle@CDC@@QAEHPBUtagRECT@@@Z 0040d2cc f mfc42d:MFC42D.DLL
 0001:0000c2d2       ?SelectObject@CDC@@QAEPAXPAX@Z 0040d2d2 f mfc42d:MFC42D.DLL
 0001:0000c2d8       ?OnLButtonDown@CWnd@@IAEXIVCPoint@@@Z 0040d2d8 f mfc42d:MFC42D.DLL
 0001:0000c2de       ?SetCapture@CWnd@@QAEPAV1@XZ 0040d2de f mfc42d:MFC42D.DLL
 0001:0000c2e4       ?OnMouseMove@CWnd@@IAEXIVCPoint@@@Z 0040d2e4 f mfc42d:MFC42D.DLL
 0001:0000c2ea       ?OnLButtonUp@CWnd@@IAEXIVCPoint@@@Z 0040d2ea f mfc42d:MFC42D.DLL
 0001:0000c2f0       ??1CMenu@@UAE@XZ           0040d2f0 f mfc42d:MFC42D.DLL
 0001:0000c2f6       ?TrackPopupMenu@CMenu@@QAEHIHHPAVCWnd@@PBUtagRECT@@@Z 0040d2f6 f mfc42d:MFC42D.DLL
 0001:0000c2fc       ?GetParent@CWnd@@QBEPAV1@XZ 0040d2fc f mfc42d:MFC42D.DLL
 0001:0000c302       ?GetStyle@CWnd@@QBEKXZ     0040d302 f mfc42d:MFC42D.DLL
 0001:0000c308       ?GetSubMenu@CMenu@@QBEPAV1@H@Z 0040d308 f mfc42d:MFC42D.DLL
 0001:0000c30e       ?LoadMenuA@CMenu@@QAEHI@Z  0040d30e f mfc42d:MFC42D.DLL
 0001:0000c314       ??0CMenu@@QAE@XZ           0040d314 f mfc42d:MFC42D.DLL
 0001:0000c31a       ?PreTranslateMessage@CWnd@@UAEHPAUtagMSG@@@Z 0040d31a f mfc42d:MFC42D.DLL
 0001:0000c320       ?Offset@CPoint@@QAEXHH@Z   0040d320 f mfc42d:MFC42D.DLL
 0001:0000c326       ?TopLeft@CRect@@QAEAAVCPoint@@XZ 0040d326 f mfc42d:MFC42D.DLL
 0001:0000c32c       ?ClientToScreen@CWnd@@QBEXPAUtagRECT@@@Z 0040d32c f mfc42d:MFC42D.DLL
 0001:0000c332       ??BCRect@@QAEPAUtagRECT@@XZ 0040d332 f mfc42d:MFC42D.DLL
 0001:0000c338       ?GetClientRect@CWnd@@QBEXPAUtagRECT@@@Z 0040d338 f mfc42d:MFC42D.DLL
 0001:0000c33e       ??0CListBox@@QAE@XZ        0040d33e f mfc42d:MFC42D.DLL
 0001:0000c344       ?DDX_Text@@YGXPAVCDataExchange@@HAAH@Z 0040d344 f mfc42d:MFC42D.DLL
 0001:0000c34a       ?DDX_Control@@YGXPAVCDataExchange@@HAAVCWnd@@@Z 0040d34a f mfc42d:MFC42D.DLL
 0001:0000c350       ?UpdateData@CWnd@@QAEHH@Z  0040d350 f mfc42d:MFC42D.DLL
 0001:0000c356       ?AddString@CListBox@@QAEHPBD@Z 0040d356 f mfc42d:MFC42D.DLL
 0001:0000c35c       ?ResetContent@CListBox@@QAEXXZ 0040d35c f mfc42d:MFC42D.DLL
 0001:0000c362       ??1CString@@QAE@XZ         0040d362 f mfc42d:MFC42D.DLL
 0001:0000c368       ?UpdateAllViews@CDocument@@QAEXPAVCView@@JPAVCObject@@@Z 0040d368 f mfc42d:MFC42D.DLL
 0001:0000c36e       ?GetNextDocTemplate@CWinApp@@QBEPAVCDocTemplate@@AAPAU__POSITION@@@Z 0040d36e f mfc42d:MFC42D.DLL
 0001:0000c374       ?AfxGetApp@@YGPAVCWinApp@@XZ 0040d374 f mfc42d:MFC42D.DLL
 0001:0000c37a       ?GetFirstDocTemplatePosition@CWinApp@@QBEPAU__POSITION@@XZ 0040d37a f mfc42d:MFC42D.DLL
 0001:0000c380       ?CreatePalette@CPalette@@QAEHPAUtagLOGPALETTE@@@Z 0040d380 f mfc42d:MFC42D.DLL
 0001:0000c386       ??0CPalette@@QAE@XZ        0040d386 f mfc42d:MFC42D.DLL
 0001:0000c38c       ?OnChildNotify@CButton@@MAEHIIJPAJ@Z 0040d38c f mfc42d:MFC42D.DLL
 0001:0000c392       ?GetMessageMap@CWnd@@MBEPBUAFX_MSGMAP@@XZ 0040d392 f mfc42d:MFC42D.DLL
 0001:0000c398       ?OnCmdMsg@CCmdTarget@@UAEHIHPAXPAUAFX_CMDHANDLERINFO@@@Z 0040d398 f mfc42d:MFC42D.DLL
 0001:0000c39e       ?Dump@CWnd@@UBEXAAVCDumpContext@@@Z 0040d39e f mfc42d:MFC42D.DLL
 0001:0000c3a4       ?AssertValid@CWnd@@UBEXXZ  0040d3a4 f mfc42d:MFC42D.DLL
 0001:0000c3aa       ?GetRuntimeClass@CButton@@UBEPAUCRuntimeClass@@XZ 0040d3aa f mfc42d:MFC42D.DLL
 0001:0000c3b0       ??1CButton@@UAE@XZ         0040d3b0 f mfc42d:MFC42D.DLL
 0001:0000c3b6       ??0CButton@@QAE@XZ         0040d3b6 f mfc42d:MFC42D.DLL
 0001:0000c3bc       ?FrameRect@CDC@@QAEXPBUtagRECT@@PAVCBrush@@@Z 0040d3bc f mfc42d:MFC42D.DLL
 0001:0000c3c2       ?FillRect@CDC@@QAEXPBUtagRECT@@PAVCBrush@@@Z 0040d3c2 f mfc42d:MFC42D.DLL
 0001:0000c3c8       ?FromHandle@CDC@@SGPAV1@PAUHDC__@@@Z 0040d3c8 f mfc42d:MFC42D.DLL
 0001:0000c3ce       ?GetColor@CColorDialog@@QBEKXZ 0040d3ce f mfc42d:MFC42D.DLL
 0001:0000c3d4       ?DoModal@CColorDialog@@UAEHXZ 0040d3d4 f mfc42d:MFC42D.DLL
 0001:0000c3da       ??0CColorDialog@@QAE@KKPAVCWnd@@@Z 0040d3da f mfc42d:MFC42D.DLL
 0001:0000c3e0       ??2CObject@@SGPAXIPBDH@Z   0040d3e0 f mfc42d:MFC42D.DLL
 0001:0000c3e6       ?Dump@CObject@@UBEXAAVCDumpContext@@@Z 0040d3e6 f mfc42d:MFC42D.DLL
 0001:0000c3ec       ?AssertValid@CObject@@UBEXXZ 0040d3ec f mfc42d:MFC42D.DLL
 0001:0000c3f2       ??1CObject@@UAE@XZ         0040d3f2 f mfc42d:MFC42D.DLL
 0001:0000c3f8       ??0CObject@@IAE@XZ         0040d3f8 f mfc42d:MFC42D.DLL
 0001:0000c3fe       ?classCObject@CObject@@2UCRuntimeClass@@B 0040d3fe f mfc42d:MFC42D.DLL
 0001:0000c404       ??0AFX_CLASSINIT@@QAE@PAUCRuntimeClass@@@Z 0040d404 f mfc42d:MFC42D.DLL
 0001:0000c40a       ?ReadObject@CArchive@@QAEPAVCObject@@PBUCRuntimeClass@@@Z 0040d40a f mfc42d:MFC42D.DLL
 0001:0000c410       ?OnIdle@CDocument@@UAEXXZ  0040d410 f mfc42d:MFC42D.DLL
 0001:0000c416       ?GetDefaultAccelerator@CDocument@@UAEPAUHACCEL__@@XZ 0040d416 f mfc42d:MFC42D.DLL
 0001:0000c41c       ?GetDefaultMenu@CDocument@@UAEPAUHMENU__@@XZ 0040d41c f mfc42d:MFC42D.DLL
 0001:0000c422       ?UpdateFrameCounts@CDocument@@UAEXXZ 0040d422 f mfc42d:MFC42D.DLL
 0001:0000c428       ?DoFileSave@CDocument@@UAEHXZ 0040d428 f mfc42d:MFC42D.DLL
 0001:0000c42e       ?DoSave@CDocument@@UAEHPBDH@Z 0040d42e f mfc42d:MFC42D.DLL
 0001:0000c434       ?PreCloseFrame@CDocument@@UAEXPAVCFrameWnd@@@Z 0040d434 f mfc42d:MFC42D.DLL
 0001:0000c43a       ?SaveModified@CDocument@@UAEHXZ 0040d43a f mfc42d:MFC42D.DLL
 0001:0000c440       ?CanCloseFrame@CDocument@@UAEHPAVCFrameWnd@@@Z 0040d440 f mfc42d:MFC42D.DLL
 0001:0000c446       ?ReleaseFile@CDocument@@UAEXPAVCFile@@H@Z 0040d446 f mfc42d:MFC42D.DLL
 0001:0000c44c       ?GetFile@CDocument@@UAEPAVCFile@@PBDIPAVCFileException@@@Z 0040d44c f mfc42d:MFC42D.DLL
 0001:0000c452       ?ReportSaveLoadException@CDocument@@UAEXPBDPAVCException@@HI@Z 0040d452 f mfc42d:MFC42D.DLL
 0001:0000c458       ?OnCloseDocument@CDocument@@UAEXXZ 0040d458 f mfc42d:MFC42D.DLL
 0001:0000c45e       ?OnSaveDocument@CDocument@@UAEHPBD@Z 0040d45e f mfc42d:MFC42D.DLL
 0001:0000c464       ?OnOpenDocument@CDocument@@UAEHPBD@Z 0040d464 f mfc42d:MFC42D.DLL
 0001:0000c46a       ?OnNewDocument@CDocument@@UAEHXZ 0040d46a f mfc42d:MFC42D.DLL
 0001:0000c470       ?DeleteContents@CDocument@@UAEXXZ 0040d470 f mfc42d:MFC42D.DLL
 0001:0000c476       ?OnChangedViewList@CDocument@@UAEXXZ 0040d476 f mfc42d:MFC42D.DLL
 0001:0000c47c       ?GetNextView@CDocument@@UBEPAVCView@@AAPAU__POSITION@@@Z 0040d47c f mfc42d:MFC42D.DLL
 0001:0000c482       ?GetFirstViewPosition@CDocument@@UBEPAU__POSITION@@XZ 0040d482 f mfc42d:MFC42D.DLL
 0001:0000c488       ?SetModifiedFlag@CDocument@@UAEXH@Z 0040d488 f mfc42d:MFC42D.DLL
 0001:0000c48e       ?IsModified@CDocument@@UAEHXZ 0040d48e f mfc42d:MFC42D.DLL
 0001:0000c494       ?SetPathName@CDocument@@UAEXPBDH@Z 0040d494 f mfc42d:MFC42D.DLL
 0001:0000c49a       ?SetTitle@CDocument@@UAEXPBD@Z 0040d49a f mfc42d:MFC42D.DLL
 0001:0000c4a0       ?GetMessageMap@CDocument@@MBEPBUAFX_MSGMAP@@XZ 0040d4a0 f mfc42d:MFC42D.DLL
 0001:0000c4a6       ?OnFinalRelease@CDocument@@UAEXXZ 0040d4a6 f mfc42d:MFC42D.DLL
 0001:0000c4ac       ?OnCmdMsg@CDocument@@UAEHIHPAXPAUAFX_CMDHANDLERINFO@@@Z 0040d4ac f mfc42d:MFC42D.DLL
 0001:0000c4b2       ?Dump@CDocument@@UBEXAAVCDumpContext@@@Z 0040d4b2 f mfc42d:MFC42D.DLL
 0001:0000c4b8       ?AssertValid@CDocument@@UBEXXZ 0040d4b8 f mfc42d:MFC42D.DLL
 0001:0000c4be       ?GetRuntimeClass@CDocument@@UBEPAUCRuntimeClass@@XZ 0040d4be f mfc42d:MFC42D.DLL
 0001:0000c4c4       ??1CDocument@@UAE@XZ       0040d4c4 f mfc42d:MFC42D.DLL
 0001:0000c4ca       ??0CString@@QAE@XZ         0040d4ca f mfc42d:MFC42D.DLL
 0001:0000c4d0       ??0CDocument@@QAE@XZ       0040d4d0 f mfc42d:MFC42D.DLL
 0001:0000c4d6       ?SetAt@CString@@QAEXHD@Z   0040d4d6 f mfc42d:MFC42D.DLL
 0001:0000c4dc       ??4CString@@QAEABV0@ABV0@@Z 0040d4dc f mfc42d:MFC42D.DLL
 0001:0000c4e2       ??0CString@@QAE@DH@Z       0040d4e2 f mfc42d:MFC42D.DLL
 0001:0000c4e8       ??0CString@@QAE@PBD@Z      0040d4e8 f mfc42d:MFC42D.DLL
 0001:0000c4ee       ??4CString@@QAEABV0@PBD@Z  0040d4ee f mfc42d:MFC42D.DLL
 0001:0000c4f4       ?CompareNoCase@CString@@QBEHPBD@Z 0040d4f4 f mfc42d:MFC42D.DLL
 0001:0000c4fa       ??BCString@@QBEPBDXZ       0040d4fa f mfc42d:MFC42D.DLL
 0001:0000c500       ??0CString@@QAE@ABV0@@Z    0040d500 f mfc42d:MFC42D.DLL
 0001:0000c506       ?GetMenuItemCount@CMenu@@QBEIXZ 0040d506 f mfc42d:MFC42D.DLL
 0001:0000c50c       ?InsertMenuA@CMenu@@QAEHIIIPBD@Z 0040d50c f mfc42d:MFC42D.DLL
 0001:0000c512       ?IsEmpty@CString@@QBEHXZ   0040d512 f mfc42d:MFC42D.DLL
 0001:0000c518       ?DeleteMenu@CMenu@@QAEHII@Z 0040d518 f mfc42d:MFC42D.DLL
 0001:0000c51e       ?Empty@CString@@QAEXXZ     0040d51e f mfc42d:MFC42D.DLL
 0001:0000c524       ?classCDocument@CDocument@@2UCRuntimeClass@@B 0040d524 f mfc42d:MFC42D.DLL
 0001:0000c52a       ?messageMap@CDocument@@1UAFX_MSGMAP@@B 0040d52a f mfc42d:MFC42D.DLL
 0001:0000c530       ?ReleaseBuffer@CString@@QAEXH@Z 0040d530 f mfc42d:MFC42D.DLL
 0001:0000c536       ?GetBuffer@CString@@QAEPADH@Z 0040d536 f mfc42d:MFC42D.DLL
 0001:0000c53c       ??H@YG?AVCString@@ABV0@PBD@Z 0040d53c f mfc42d:MFC42D.DLL
 0001:0000c542       ??H@YG?AVCString@@ABV0@0@Z 0040d542 f mfc42d:MFC42D.DLL
 0001:0000c548       ??YCString@@QAEABV0@PBD@Z  0040d548 f mfc42d:MFC42D.DLL
 0001:0000c54e       ??YCString@@QAEABV0@ABV0@@Z 0040d54e f mfc42d:MFC42D.DLL
 0001:0000c554       ??H@YG?AVCString@@PBDABV0@@Z 0040d554 f mfc42d:MFC42D.DLL
 0001:0000c55a       ?Left@CString@@QBE?AV1@H@Z 0040d55a f mfc42d:MFC42D.DLL
 0001:0000c560       ?Right@CString@@QBE?AV1@H@Z 0040d560 f mfc42d:MFC42D.DLL
 0001:0000c566       ?GetLength@CString@@QBEHXZ 0040d566 f mfc42d:MFC42D.DLL
 0001:0000c56c       ?Find@CString@@QBEHD@Z     0040d56c f mfc42d:MFC42D.DLL
 0001:0000c572       ??1CEdit@@UAE@XZ           0040d572 f mfc42d:MFC42D.DLL
 0001:0000c578       ?AfxMessageBox@@YGHPBDII@Z 0040d578 f mfc42d:MFC42D.DLL
 0001:0000c57e       ?OnFileNew@CWinApp@@IAEXXZ 0040d57e f mfc42d:MFC42D.DLL
 0001:0000c584       ?messageMap@CWinApp@@1UAFX_MSGMAP@@B 0040d584 f mfc42d:MFC42D.DLL
 0001:0000c58a       ?WinHelpA@CWinApp@@UAEXKI@Z 0040d58a f mfc42d:MFC42D.DLL
 0001:0000c590       ?OnDDECommand@CWinApp@@UAEHPAD@Z 0040d590 f mfc42d:MFC42D.DLL
 0001:0000c596       ?DoWaitCursor@CWinApp@@UAEXH@Z 0040d596 f mfc42d:MFC42D.DLL
 0001:0000c59c       ?DoMessageBox@CWinApp@@UAEHPBDII@Z 0040d59c f mfc42d:MFC42D.DLL
 0001:0000c5a2       ?SaveAllModified@CWinApp@@UAEHXZ 0040d5a2 f mfc42d:MFC42D.DLL
 0001:0000c5a8       ?InitApplication@CWinApp@@UAEHXZ 0040d5a8 f mfc42d:MFC42D.DLL
 0001:0000c5ae       ?AddToRecentFileList@CWinApp@@UAEXPBD@Z 0040d5ae f mfc42d:MFC42D.DLL
 0001:0000c5b4       ?OpenDocumentFile@CWinApp@@UAEPAVCDocument@@PBD@Z 0040d5b4 f mfc42d:MFC42D.DLL
 0001:0000c5ba       ?Delete@CWinThread@@UAEXXZ 0040d5ba f mfc42d:MFC42D.DLL
 0001:0000c5c0       ?GetMainWnd@CWinThread@@UAEPAVCWnd@@XZ 0040d5c0 f mfc42d:MFC42D.DLL
 0001:0000c5c6       ?ProcessMessageFilter@CWinThread@@UAEHHPAUtagMSG@@@Z 0040d5c6 f mfc42d:MFC42D.DLL
 0001:0000c5cc       ?ProcessWndProcException@CWinApp@@UAEJPAVCException@@PBUtagMSG@@@Z 0040d5cc f mfc42d:MFC42D.DLL
 0001:0000c5d2       ?IsIdleMessage@CWinThread@@UAEHPAUtagMSG@@@Z 0040d5d2 f mfc42d:MFC42D.DLL
 0001:0000c5d8       ?OnIdle@CWinApp@@UAEHJ@Z   0040d5d8 f mfc42d:MFC42D.DLL
 0001:0000c5de       ?PumpMessage@CWinThread@@UAEHXZ 0040d5de f mfc42d:MFC42D.DLL
 0001:0000c5e4       ?PreTranslateMessage@CWinThread@@UAEHPAUtagMSG@@@Z 0040d5e4 f mfc42d:MFC42D.DLL
 0001:0000c5ea       ?Run@CWinApp@@UAEHXZ       0040d5ea f mfc42d:MFC42D.DLL
 0001:0000c5f0       ?OnFinalRelease@CCmdTarget@@UAEXXZ 0040d5f0 f mfc42d:MFC42D.DLL
 0001:0000c5f6       ?Dump@CWinApp@@UBEXAAVCDumpContext@@@Z 0040d5f6 f mfc42d:MFC42D.DLL
 0001:0000c5fc       ?AssertValid@CWinApp@@UBEXXZ 0040d5fc f mfc42d:MFC42D.DLL
 0001:0000c602       ?GetRuntimeClass@CWinApp@@UBEPAUCRuntimeClass@@XZ 0040d602 f mfc42d:MFC42D.DLL
 0001:0000c608       ??1CWinApp@@UAE@XZ         0040d608 f mfc42d:MFC42D.DLL
 0001:0000c60e       ??0CWinApp@@QAE@PBD@Z      0040d60e f mfc42d:MFC42D.DLL
 0001:0000c614       ?MDIMaximize@CMDIFrameWnd@@QAEXPAVCWnd@@@Z 0040d614 f mfc42d:MFC42D.DLL
 0001:0000c61a       ?MDIGetActive@CMDIFrameWnd@@QBEPAVCMDIChildWnd@@PAH@Z 0040d61a f mfc42d:MFC42D.DLL
 0001:0000c620       ?GetOpenDocumentCount@CWinApp@@QAEHXZ 0040d620 f mfc42d:MFC42D.DLL
 0001:0000c626       ?AddDocTemplate@CWinApp@@QAEXPAVCDocTemplate@@@Z 0040d626 f mfc42d:MFC42D.DLL
 0001:0000c62c       ??0CMultiDocTemplate@@QAE@IPAUCRuntimeClass@@00@Z 0040d62c f mfc42d:MFC42D.DLL
 0001:0000c632       ?classCMDIChildWnd@CMDIChildWnd@@2UCRuntimeClass@@B 0040d632 f mfc42d:MFC42D.DLL
 0001:0000c638       ?Enable3dControls@CWinApp@@IAEHXZ 0040d638 f mfc42d:MFC42D.DLL
 0001:0000c63e       ?AfxMessageBox@@YGHIII@Z   0040d63e f mfc42d:MFC42D.DLL
 0001:0000c644       ?ExitInstance@CWinApp@@UAEHXZ 0040d644 f mfc42d:MFC42D.DLL
 0001:0000c64a       ?SetDlgItemTextA@CWnd@@QAEXHPBD@Z 0040d64a f mfc42d:MFC42D.DLL
 0001:0000c650       ?Format@CString@@QAAXPBDZZ 0040d650 f mfc42d:MFC42D.DLL
 0001:0000c656       ?LoadStringA@CString@@QAEHI@Z 0040d656 f mfc42d:MFC42D.DLL
 0001:0000c65c       ?DDX_Text@@YGXPAVCDataExchange@@HAAVCString@@@Z 0040d65c f mfc42d:MFC42D.DLL
 0001:0000c662       ?classCMDIFrameWnd@CMDIFrameWnd@@2UCRuntimeClass@@B 0040d662 f mfc42d:MFC42D.DLL
 0001:0000c668       ?messageMap@CMDIFrameWnd@@1UAFX_MSGMAP@@B 0040d668 f mfc42d:MFC42D.DLL
 0001:0000c66e       ?GetWindowMenuPopup@CMDIFrameWnd@@UAEPAUHMENU__@@PAU2@@Z 0040d66e f mfc42d:MFC42D.DLL
 0001:0000c674       ?CreateClient@CMDIFrameWnd@@UAEHPAUtagCREATESTRUCTA@@PAVCMenu@@@Z 0040d674 f mfc42d:MFC42D.DLL
 0001:0000c67a       ?ExitHelpMode@CFrameWnd@@UAEXXZ 0040d67a f mfc42d:MFC42D.DLL
 0001:0000c680       ?DelayUpdateFrameMenu@CMDIFrameWnd@@UAEXPAUHMENU__@@@Z 0040d680 f mfc42d:MFC42D.DLL
 0001:0000c686       ?GetDefaultAccelerator@CFrameWnd@@UAEPAUHACCEL__@@XZ 0040d686 f mfc42d:MFC42D.DLL
 0001:0000c68c       ?OnUpdateFrameMenu@CMDIFrameWnd@@UAEXPAUHMENU__@@@Z 0040d68c f mfc42d:MFC42D.DLL
 0001:0000c692       ?OnUpdateFrameTitle@CMDIFrameWnd@@UAEXH@Z 0040d692 f mfc42d:MFC42D.DLL
 0001:0000c698       ?OnCreateClient@CMDIFrameWnd@@UAEHPAUtagCREATESTRUCTA@@PAUCCreateContext@@@Z 0040d698 f mfc42d:MFC42D.DLL
 0001:0000c69e       ?NegotiateBorderSpace@CFrameWnd@@UAEHIPAUtagRECT@@@Z 0040d69e f mfc42d:MFC42D.DLL
 0001:0000c6a4       ?GetMessageBar@CFrameWnd@@UAEPAVCWnd@@XZ 0040d6a4 f mfc42d:MFC42D.DLL
 0001:0000c6aa       ?OnSetPreviewMode@CFrameWnd@@UAEXHPAUCPrintPreviewState@@@Z 0040d6aa f mfc42d:MFC42D.DLL
 0001:0000c6b0       ?ActivateFrame@CFrameWnd@@UAEXH@Z 0040d6b0 f mfc42d:MFC42D.DLL
 0001:0000c6b6       ?RecalcLayout@CFrameWnd@@UAEXH@Z 0040d6b6 f mfc42d:MFC42D.DLL
 0001:0000c6bc       ?GetMessageString@CFrameWnd@@UBEXIAAVCString@@@Z 0040d6bc f mfc42d:MFC42D.DLL
 0001:0000c6c2       ?GetActiveFrame@CMDIFrameWnd@@UAEPAVCFrameWnd@@XZ 0040d6c2 f mfc42d:MFC42D.DLL
 0001:0000c6c8       ?GetActiveDocument@CFrameWnd@@UAEPAVCDocument@@XZ 0040d6c8 f mfc42d:MFC42D.DLL
 0001:0000c6ce       ?LoadFrame@CMDIFrameWnd@@UAEHIKPAVCWnd@@PAUCCreateContext@@@Z 0040d6ce f mfc42d:MFC42D.DLL
 0001:0000c6d4       ?IsFrameWnd@CFrameWnd@@UBEHXZ 0040d6d4 f mfc42d:MFC42D.DLL
 0001:0000c6da       ?PostNcDestroy@CFrameWnd@@MAEXXZ 0040d6da f mfc42d:MFC42D.DLL
 0001:0000c6e0       ?DefWindowProcA@CMDIFrameWnd@@MAEJIIJ@Z 0040d6e0 f mfc42d:MFC42D.DLL
 0001:0000c6e6       ?PreTranslateMessage@CMDIFrameWnd@@UAEHPAUtagMSG@@@Z 0040d6e6 f mfc42d:MFC42D.DLL
 0001:0000c6ec       ?EndModalState@CFrameWnd@@UAEXXZ 0040d6ec f mfc42d:MFC42D.DLL
 0001:0000c6f2       ?BeginModalState@CFrameWnd@@UAEXXZ 0040d6f2 f mfc42d:MFC42D.DLL
 0001:0000c6f8       ?OnCommand@CMDIFrameWnd@@MAEHIJ@Z 0040d6f8 f mfc42d:MFC42D.DLL
 0001:0000c6fe       ?PreCreateWindow@CMDIFrameWnd@@UAEHAAUtagCREATESTRUCTA@@@Z 0040d6fe f mfc42d:MFC42D.DLL
 0001:0000c704       ?OnCmdMsg@CMDIFrameWnd@@UAEHIHPAXPAUAFX_CMDHANDLERINFO@@@Z 0040d704 f mfc42d:MFC42D.DLL
 0001:0000c70a       ??1CStatusBar@@UAE@XZ      0040d70a f mfc42d:MFC42D.DLL
 0001:0000c710       ??1CToolBar@@UAE@XZ        0040d710 f mfc42d:MFC42D.DLL
 0001:0000c716       ??0CToolBar@@QAE@XZ        0040d716 f mfc42d:MFC42D.DLL
 0001:0000c71c       ??0CStatusBar@@QAE@XZ      0040d71c f mfc42d:MFC42D.DLL
 0001:0000c722       ??0CMDIFrameWnd@@QAE@XZ    0040d722 f mfc42d:MFC42D.DLL
 0001:0000c728       ??1CFrameWnd@@UAE@XZ       0040d728 f mfc42d:MFC42D.DLL
 0001:0000c72e       ?ShowWindow@CWnd@@QAEHH@Z  0040d72e f mfc42d:MFC42D.DLL
 0001:0000c734       ?SetBarStyle@CControlBar@@QAEXK@Z 0040d734 f mfc42d:MFC42D.DLL
 0001:0000c73a       ?GetBarStyle@CControlBar@@QAEKXZ 0040d73a f mfc42d:MFC42D.DLL
 0001:0000c740       ?DockControlBar@CFrameWnd@@QAEXPAVCControlBar@@IPBUtagRECT@@@Z 0040d740 f mfc42d:MFC42D.DLL
 0001:0000c746       ?EnableDocking@CFrameWnd@@QAEXK@Z 0040d746 f mfc42d:MFC42D.DLL
 0001:0000c74c       ?EnableDocking@CControlBar@@QAEXK@Z 0040d74c f mfc42d:MFC42D.DLL
 0001:0000c752       ?AfxTrace@@YAXPBDZZ        0040d752 f mfc42d:MFC42D.DLL
 0001:0000c758       ?SetIndicators@CStatusBar@@QAEHPBIH@Z 0040d758 f mfc42d:MFC42D.DLL
 0001:0000c75e       ?Create@CStatusBar@@QAEHPAVCWnd@@KI@Z 0040d75e f mfc42d:MFC42D.DLL
 0001:0000c764       ?SetWindowTextA@CWnd@@QAEXPBD@Z 0040d764 f mfc42d:MFC42D.DLL
 0001:0000c76a       ?SetButtons@CToolBar@@QAEHPBIH@Z 0040d76a f mfc42d:MFC42D.DLL
 0001:0000c770       ?LoadBitmapA@CToolBar@@QAEHI@Z 0040d770 f mfc42d:MFC42D.DLL
 0001:0000c776       ?Create@CToolBar@@QAEHPAVCWnd@@KI@Z 0040d776 f mfc42d:MFC42D.DLL
 0001:0000c77c       ?OnCreate@CFrameWnd@@IAEHPAUtagCREATESTRUCTA@@@Z 0040d77c f mfc42d:MFC42D.DLL
 0001:0000c782       ?AssertValid@CMDIFrameWnd@@UBEXXZ 0040d782 f mfc42d:MFC42D.DLL
 0001:0000c788       ?Dump@CMDIFrameWnd@@UBEXAAVCDumpContext@@@Z 0040d788 f mfc42d:MFC42D.DLL
 0001:0000c78e       ?MDINext@CMDIFrameWnd@@QAEXXZ 0040d78e f mfc42d:MFC42D.DLL
 0001:0000c794       ?GetFaceName@CFontDialog@@QBE?AVCString@@XZ 0040d794 f mfc42d:MFC42D.DLL
 0001:0000c79a       ?DoModal@CFontDialog@@UAEHXZ 0040d79a f mfc42d:MFC42D.DLL
 0001:0000c7a0       ??0CFontDialog@@QAE@PAUtagLOGFONTA@@KPAVCDC@@PAVCWnd@@@Z 0040d7a0 f mfc42d:MFC42D.DLL
 0001:0000c7a6       ?GetDocument@CView@@QBEPAVCDocument@@XZ 0040d7a6 f mfc42d:MFC42D.DLL
 0001:0000c7ac       ?GetActiveView@CFrameWnd@@QBEPAVCView@@XZ 0040d7ac f mfc42d:MFC42D.DLL
 0001:0000c7b2       ??0CEdit@@QAE@XZ           0040d7b2 f mfc42d:MFC42D.DLL
 0001:0000c7b8       ?DDV_MaxChars@@YGXPAVCDataExchange@@ABVCString@@H@Z 0040d7b8 f mfc42d:MFC42D.DLL
 0001:0000c7be       ?MoveWindow@CWnd@@QAEXHHHHH@Z 0040d7be f mfc42d:MFC42D.DLL
 0001:0000c7c4       ?Width@CRect@@QBEHXZ       0040d7c4 f mfc42d:MFC42D.DLL
 0001:0000c7ca       ?Height@CRect@@QBEHXZ      0040d7ca f mfc42d:MFC42D.DLL
 0001:0000c7d0       ?GetWindowRect@CWnd@@QBEXPAUtagRECT@@@Z 0040d7d0 f mfc42d:MFC42D.DLL
 0001:0000c7d6       ?SetIcon@CWnd@@QAEPAUHICON__@@PAU2@H@Z 0040d7d6 f mfc42d:MFC42D.DLL
 0001:0000c7dc       ?LoadIconA@CWinApp@@QBEPAUHICON__@@I@Z 0040d7dc f mfc42d:MFC42D.DLL
 0001:0000c7e2       ?EnableWindow@CWnd@@QAEHH@Z 0040d7e2 f mfc42d:MFC42D.DLL
 0001:0000c7f0       ___CxxFrameHandler         0040d7f0 f msvcrtd:MSVCRTD.dll
 0001:0000c7f6       _strcpy                    0040d7f6 f msvcrtd:MSVCRTD.dll
 0001:0000c7fc       _strcmp                    0040d7fc f msvcrtd:MSVCRTD.dll
 0001:0000c802       _strlen                    0040d802 f msvcrtd:MSVCRTD.dll
 0001:0000c808       _sprintf                   0040d808 f msvcrtd:MSVCRTD.dll
 0001:0000c810       __onexit                   0040d810 f msvcrtd:atonexit.obj
 0001:0000c8e0       _atexit                    0040d8e0 f msvcrtd:atonexit.obj
 0001:0000c910       ??_M@YGXPAXIHP6EX0@Z@Z     0040d910 f msvcrtd:ehvecdtr.obj
 0001:0000c9c0       ?__ArrayUnwind@@YGXPAXIHP6EX0@Z@Z 0040d9c0 f msvcrtd:ehvecdtr.obj
 0001:0000ca96       _malloc                    0040da96 f msvcrtd:MSVCRTD.dll
 0001:0000caa0       ??_L@YGXPAXIHP6EX0@Z1@Z    0040daa0 f msvcrtd:ehvecctr.obj
 0001:0000cb52       __ftol                     0040db52 f msvcrtd:MSVCRTD.dll
 0001:0000cb58       __ftime                    0040db58 f msvcrtd:MSVCRTD.dll
 0001:0000cb5e       _fclose                    0040db5e f msvcrtd:MSVCRTD.dll
 0001:0000cb64       _fgetc                     0040db64 f msvcrtd:MSVCRTD.dll
 0001:0000cb6a       __errno                    0040db6a f msvcrtd:MSVCRTD.dll
 0001:0000cb70       _fopen                     0040db70 f msvcrtd:MSVCRTD.dll
 0001:0000cb76       _atoi                      0040db76 f msvcrtd:MSVCRTD.dll
 0001:0000cb7c       _strchr                    0040db7c f msvcrtd:MSVCRTD.dll
 0001:0000cb82       _strcat                    0040db82 f msvcrtd:MSVCRTD.dll
 0001:0000cb88       _memcpy                    0040db88 f msvcrtd:MSVCRTD.dll
 0001:0000cb8e       _sscanf                    0040db8e f msvcrtd:MSVCRTD.dll
 0001:0000cb94       ___p___argv                0040db94 f msvcrtd:MSVCRTD.dll
 0001:0000cb9a       ___p___argc                0040db9a f msvcrtd:MSVCRTD.dll
 0001:0000cba0       _free                      0040dba0 f msvcrtd:MSVCRTD.dll
 0001:0000cba6       _memset                    0040dba6 f msvcrtd:MSVCRTD.dll
 0001:0000cbb0       _WinMainCRTStartup         0040dbb0 f msvcrtd:crtexew.obj
 0001:0000cdee       ___dllonexit               0040ddee f msvcrtd:MSVCRTD.dll
 0001:0000cdf4       __except_handler3          0040ddf4 f msvcrtd:MSVCRTD.dll
 0001:0000cdfa       ?terminate@@YAXXZ          0040ddfa f msvcrtd:MSVCRTD.dll
 0001:0000ce00       __exit                     0040de00 f msvcrtd:MSVCRTD.dll
 0001:0000ce06       __XcptFilter               0040de06 f msvcrtd:MSVCRTD.dll
 0001:0000ce0c       _exit                      0040de0c f msvcrtd:MSVCRTD.dll
 0001:0000ce12       ___p__acmdln               0040de12 f msvcrtd:MSVCRTD.dll
 0001:0000ce18       __initterm                 0040de18 f msvcrtd:MSVCRTD.dll
 0001:0000ce1e       ___getmainargs             0040de1e f msvcrtd:MSVCRTD.dll
 0001:0000ce30       __setdefaultprecision      0040de30 f msvcrtd:fp8.obj
 0001:0000ce4e       ___setusermatherr          0040de4e f msvcrtd:MSVCRTD.dll
 0001:0000ce60       __matherr                  0040de60 f msvcrtd:merr.obj
 0001:0000ce80       __setargv                  0040de80 f msvcrtd:dllargv.obj
 0001:0000ce8c       ___p__commode              0040de8c f msvcrtd:MSVCRTD.dll
 0001:0000ce92       ___p__fmode                0040de92 f msvcrtd:MSVCRTD.dll
 0001:0000ce98       ___set_app_type            0040de98 f msvcrtd:MSVCRTD.dll
 0001:0000ce9e       __controlfp                0040de9e f msvcrtd:MSVCRTD.dll
 0001:0000cea4       _GlobalUnlock@4            0040dea4 f kernel32:KERNEL32.dll
 0001:0000ceaa       _GlobalLock@4              0040deaa f kernel32:KERNEL32.dll
 0001:0000ceb0       _GlobalAlloc@8             0040deb0 f kernel32:KERNEL32.dll
 0001:0000ceb6       _GetLastError@0            0040deb6 f kernel32:KERNEL32.dll
 0001:0000cebc       _Beep@8                    0040debc f kernel32:KERNEL32.dll
 0001:0000cec2       _GlobalMemoryStatus@4      0040dec2 f kernel32:KERNEL32.dll
 0001:0000cec8       _Sleep@4                   0040dec8 f kernel32:KERNEL32.dll
 0001:0000cece       _GetVersion@0              0040dece f kernel32:KERNEL32.dll
 0001:0000ced4       _GetModuleHandleA@4        0040ded4 f kernel32:KERNEL32.dll
 0001:0000ceda       _GetStartupInfoA@4         0040deda f kernel32:KERNEL32.dll
 0001:0000cee0       _SetCaretPos@8             0040dee0 f user32:USER32.dll
 0001:0000cee6       _GetUpdateRgn@12           0040dee6 f user32:USER32.dll
 0001:0000ceec       _CreateCaret@16            0040deec f user32:USER32.dll
 0001:0000cef2       _DestroyCaret@0            0040def2 f user32:USER32.dll
 0001:0000cef8       _ShowCaret@4               0040def8 f user32:USER32.dll
 0001:0000cefe       _GetKeyState@4             0040defe f user32:USER32.dll
 0001:0000cf04       _CloseClipboard@0          0040df04 f user32:USER32.dll
 0001:0000cf0a       _SetClipboardData@8        0040df0a f user32:USER32.dll
 0001:0000cf10       _EmptyClipboard@0          0040df10 f user32:USER32.dll
 0001:0000cf16       _MessageBoxA@16            0040df16 f user32:USER32.dll
 0001:0000cf1c       _GetClipboardData@4        0040df1c f user32:USER32.dll
 0001:0000cf22       _ReleaseCapture@0          0040df22 f user32:USER32.dll
 0001:0000cf28       _CharToOemA@8              0040df28 f user32:USER32.dll
 0001:0000cf2e       _IsClipboardFormatAvailable@4 0040df2e f user32:USER32.dll
 0001:0000cf34       _GetRegionData@12          0040df34 f gdi32:GDI32.dll
 0001:0000cf3a       _DeleteObject@4            0040df3a f gdi32:GDI32.dll
 0001:0000cf40       _CreateRectRgn@16          0040df40 f gdi32:GDI32.dll
 0001:0000cf46       _GetStockObject@4          0040df46 f gdi32:GDI32.dll
 0001:0000cf4c       _RegCloseKey@4             0040df4c f advapi32:ADVAPI32.dll
 0001:0000cf52       _RegDeleteValueA@8         0040df52 f advapi32:ADVAPI32.dll
 0001:0000cf58       _RegSetValueExA@24         0040df58 f advapi32:ADVAPI32.dll
 0001:0000cf5e       _RegCreateKeyExA@36        0040df5e f advapi32:ADVAPI32.dll
 0001:0000cf64       _RegQueryValueExA@24       0040df64 f advapi32:ADVAPI32.dll
 0001:0000cf6a       ?classCSocket@CSocket@@2UCRuntimeClass@@B 0040df6a f mfcn42d:MFCN42D.DLL
 0001:0000cf70       ?SendToHelper@CAsyncSocket@@MAEHPBXHPBUsockaddr@@HH@Z 0040df70 f mfcn42d:MFCN42D.DLL
 0001:0000cf76       ?ReceiveFromHelper@CAsyncSocket@@MAEHPAXHPAUsockaddr@@PAHH@Z 0040df76 f mfcn42d:MFCN42D.DLL
 0001:0000cf7c       ?ConnectHelper@CAsyncSocket@@MAEHPBUsockaddr@@H@Z 0040df7c f mfcn42d:MFCN42D.DLL
 0001:0000cf82       ?OnAccept@CAsyncSocket@@MAEXH@Z 0040df82 f mfcn42d:MFCN42D.DLL
 0001:0000cf88       ?OnOutOfBandData@CAsyncSocket@@MAEXH@Z 0040df88 f mfcn42d:MFCN42D.DLL
 0001:0000cf8e       ?OnSend@CAsyncSocket@@MAEXH@Z 0040df8e f mfcn42d:MFCN42D.DLL
 0001:0000cf94       ?Send@CAsyncSocket@@UAEHPBXHH@Z 0040df94 f mfcn42d:MFCN42D.DLL
 0001:0000cf9a       ?Receive@CAsyncSocket@@UAEHPAXHH@Z 0040df9a f mfcn42d:MFCN42D.DLL
 0001:0000cfa0       ?Close@CAsyncSocket@@UAEXXZ 0040dfa0 f mfcn42d:MFCN42D.DLL
 0001:0000cfa6       ?Accept@CAsyncSocket@@UAEHAAV1@PAUsockaddr@@PAH@Z 0040dfa6 f mfcn42d:MFCN42D.DLL
 0001:0000cfac       ?Dump@CAsyncSocket@@UBEXAAVCDumpContext@@@Z 0040dfac f mfcn42d:MFCN42D.DLL
 0001:0000cfb2       ?AssertValid@CAsyncSocket@@UBEXXZ 0040dfb2 f mfcn42d:MFCN42D.DLL
 0001:0000cfb8       ??1CAsyncSocket@@UAE@XZ    0040dfb8 f mfcn42d:MFCN42D.DLL
 0001:0000cfbe       ??0CAsyncSocket@@QAE@XZ    0040dfbe f mfcn42d:MFCN42D.DLL
 0001:0000cfc4       ?OnReceive@CAsyncSocket@@MAEXH@Z 0040dfc4 f mfcn42d:MFCN42D.DLL
 0001:0000cfca       ?Connect@CAsyncSocket@@QAEHPBDI@Z 0040dfca f mfcn42d:MFCN42D.DLL
 0001:0000cfd0       ?Create@CAsyncSocket@@QAEHIHJPBD@Z 0040dfd0 f mfcn42d:MFCN42D.DLL
 0001:0000cfd6       ?AfxSocketInit@@YGHPAUWSAData@@@Z 0040dfd6 f mfcn42d:MFCN42D.DLL
 0001:0000cfdc       _WSAGetLastError@0         0040dfdc f wsock32:WSOCK32.dll
 0001:0000cfe2       _inet_ntoa@4               0040dfe2 f wsock32:WSOCK32.dll
 0001:0000cfe8       _gethostbyname@4           0040dfe8 f wsock32:WSOCK32.dll
 0001:0000cfee       _gethostbyaddr@12          0040dfee f wsock32:WSOCK32.dll
 0001:0000d000       _WinMain@16                0040e000 f mfcs42d:appmodul.obj
 0001:0000d030       ?AfxInitialize@@YGHHK@Z    0040e030 f mfcs42d:appmodul.obj
 0001:0000d0a0       ??0_AFX_TERM_APP_STATE@@QAE@XZ 0040e0a0 f mfcs42d:appmodul.obj
 0001:0000d10a       __strnicmp                 0040e10a f msvcrtd:MSVCRTD.dll
 0001:0000d110       __stricmp                  0040e110 f msvcrtd:MSVCRTD.dll
 0001:0000d116       __setmbcp                  0040e116 f msvcrtd:MSVCRTD.dll
 0001:0000d11c       ?AfxWinMain@@YGHPAUHINSTANCE__@@0PADH@Z 0040e11c f mfc42d:MFC42D.DLL
 0001:0000d122       ?AfxGetModuleState@@YGPAVAFX_MODULE_STATE@@XZ 0040e122 f mfc42d:MFC42D.DLL
 0002:00000058       ?messageMap@COptions@@1UAFX_MSGMAP@@B 0040f058   Options.obj
 0002:00000060       ?_messageEntries@COptions@@0PBUAFX_MSGMAP_ENTRY@@B 0040f060   Options.obj
 0002:00000078       ??_7COptions@@6B@          0040f078   Options.obj
 0002:00000150       ?classCVTermView@CVTermView@@2UCRuntimeClass@@B 0040f150   VTermView.obj
 0002:00000168       ?messageMap@CVTermView@@1UAFX_MSGMAP@@B 0040f168   VTermView.obj
 0002:00000170       ?_messageEntries@CVTermView@@0PBUAFX_MSGMAP_ENTRY@@B 0040f170   VTermView.obj
 0002:000002f0       ??_7CVTermView@@6B@        0040f2f0   VTermView.obj
 0002:00000400       ?classCVTermSocket@CVTermSocket@@2UCRuntimeClass@@B 0040f400   VTermSock.obj
 0002:00000418       ??_7CVTermSocket@@6B@      0040f418   VTermSock.obj
 0002:00000460       ?messageMap@CStatsWindow@@1UAFX_MSGMAP@@B 0040f460   StatsWindow.obj
 0002:00000468       ?_messageEntries@CStatsWindow@@0PBUAFX_MSGMAP_ENTRY@@B 0040f468   StatsWindow.obj
 0002:00000498       ??_7CStatsWindow@@6B@      0040f498   StatsWindow.obj
 0002:00000570       ?messageMap@CCouleurs@@1UAFX_MSGMAP@@B 0040f570   Couleurs.obj
 0002:00000578       ?_messageEntries@CCouleurs@@0PBUAFX_MSGMAP_ENTRY@@B 0040f578   Couleurs.obj
 0002:00000728       ??_7CColorButton@@6B@      0040f728   Couleurs.obj
 0002:000007f0       ??_7CCouleurs@@6B@         0040f7f0   Couleurs.obj
 0002:000008c8       ??_7CHint@@6B@             0040f8c8   Terminal.obj
 0002:000008e0       ??_7Terminal@@6B@          0040f8e0   Terminal.obj
 0002:00000998       ?classCVTermDoc@CVTermDoc@@2UCRuntimeClass@@B 0040f998   VTermDoc.obj
 0002:000009b0       ?messageMap@CVTermDoc@@1UAFX_MSGMAP@@B 0040f9b0   VTermDoc.obj
 0002:000009b8       ?_messageEntries@CVTermDoc@@0PBUAFX_MSGMAP_ENTRY@@B 0040f9b8   VTermDoc.obj
 0002:00000a50       ??_7CVTermDoc@@6B@         0040fa50   VTermDoc.obj
 0002:00000b08       ?messageMap@CVTermApp@@1UAFX_MSGMAP@@B 0040fb08   VTerm.obj
 0002:00000b10       ?_messageEntries@CVTermApp@@0PBUAFX_MSGMAP_ENTRY@@B 0040fb10   VTerm.obj
 0002:00000cd8       ?messageMap@CAboutDlg@@1UAFX_MSGMAP@@B 0040fcd8   VTerm.obj
 0002:00000ce0       ?_messageEntries@CAboutDlg@@0PBUAFX_MSGMAP_ENTRY@@B 0040fce0   VTerm.obj
 0002:00000cf8       ??_7CVTermApp@@6B@         0040fcf8   VTerm.obj
 0002:00000da0       ??_7CAboutDlg@@6B@         0040fda0   VTerm.obj
 0002:00000e78       ?messageMap@CAboutWinsock@@1UAFX_MSGMAP@@B 0040fe78   AboutVTerm.obj
 0002:00000e80       ?_messageEntries@CAboutWinsock@@0PBUAFX_MSGMAP_ENTRY@@B 0040fe80   AboutVTerm.obj
 0002:00000e98       ??_7CAboutWinsock@@6B@     0040fe98   AboutVTerm.obj
 0002:00000f70       ?classCMainFrame@CMainFrame@@2UCRuntimeClass@@B 0040ff70   mainfrm.obj
 0002:00000f88       ?messageMap@CMainFrame@@1UAFX_MSGMAP@@B 0040ff88   mainfrm.obj
 0002:00000f90       ?_messageEntries@CMainFrame@@0PBUAFX_MSGMAP_ENTRY@@B 0040ff90   mainfrm.obj
 0002:00001020       ??_7CMainFrame@@6B@        00410020   mainfrm.obj
 0002:00001128       ?messageMap@CRemoteHost@@1UAFX_MSGMAP@@B 00410128   RemoteHost.obj
 0002:00001130       ?_messageEntries@CRemoteHost@@0PBUAFX_MSGMAP_ENTRY@@B 00410130   RemoteHost.obj
 0002:00001220       ??_7CRemoteHost@@6B@       00410220   RemoteHost.obj
 0003:00000000       ___xc_a                    00412000   msvcrtd:cinitexe.obj
 0003:00000014       ___xc_z                    00412014   msvcrtd:cinitexe.obj
 0003:00000018       ___xi_a                    00412018   msvcrtd:cinitexe.obj
 0003:0000001c       ___xi_z                    0041201c   msvcrtd:cinitexe.obj
 0003:00000140       ?tcolCouleursDefaut@@3PAKA 00412140   VTermGlobal.obj
 0003:00000180       ?pCPal@@3PAVCPalette@@A    00412180   VTermGlobal.obj
 0003:00000184       ?pLogPalette@@3PAUtagLOGPALETTE@@A 00412184   VTermGlobal.obj
 0003:00000188       ?iNbConnexionsActives@@3HA 00412188   VTermGlobal.obj
 0003:000001e0       ?classCHint@CHint@@2UCRuntimeClass@@A 004121e0   Terminal.obj
 0003:000012b0       ___win32sflag              004132b0   msvcrtd:atonexit.obj
 0003:000012b8       __dowildcard               004132b8   msvcrtd:wildcard.obj
 0003:000012bc       __newmode                  004132bc   msvcrtd:_newmode.obj
 0003:000012c0       ___defaultmatherr          004132c0   msvcrtd:merr.obj
 0003:000012c4       __commode                  004132c4   msvcrtd:xncommod.obj
 0003:000012c8       __fmode                    004132c8   msvcrtd:xtxtmode.obj
 0003:000012e8       ?CR@@3VConnexionRecente@@A 004132e8   VTermGlobal.obj
 0003:00001308       ?iOptions@@3HA             00413308   VTermGlobal.obj
 0003:00001310       ?szFont@@3PADA             00413310   VTermGlobal.obj
 0003:00001330       ?bModeSelection@@3HA       00413330   VTermGlobal.obj
 0003:00001338       ?tcolCouleurs@@3PAKA       00413338   VTermGlobal.obj
 0003:00001378       ?bAvecPalette@@3HA         00413378   VTermGlobal.obj
 0003:0000137c       ?bOptDebug@@3HA            0041337c   VTermGlobal.obj
 0003:00001380       ?bCouleursModifiees@@3HA   00413380   VTermGlobal.obj
 0003:00001410       ?theApp@@3VCVTermApp@@A    00413410   VTerm.obj
 0003:000014d8       ?wsaData@@3UWSAData@@A     004134d8   VTerm.obj
 0003:00001688       __afxForceEXCLUDE          00413688   mfcs42d:nolib.obj
 0003:0000168c       __afxForceSTDAFX           0041368c   mfcs42d:stdafx.obj
 0003:00001690       ?_afxTermAppState@@3V_AFX_TERM_APP_STATE@@A 00413690   mfcs42d:appmodul.obj
 0003:00001694       __adjust_fdiv              00413694   <common>
 0003:00001698       ___onexitend               00413698   <common>
 0003:0000169c       ___onexitbegin             0041369c   <common>
 0004:00000000       __IMPORT_DESCRIPTOR_MFC42D 00414000   mfc42d:MFC42D.DLL
 0004:00000014       __IMPORT_DESCRIPTOR_MSVCRTD 00414014   msvcrtd:MSVCRTD.dll
 0004:00000028       __IMPORT_DESCRIPTOR_KERNEL32 00414028   kernel32:KERNEL32.dll
 0004:0000003c       __IMPORT_DESCRIPTOR_USER32 0041403c   user32:USER32.dll
 0004:00000050       __IMPORT_DESCRIPTOR_GDI32  00414050   gdi32:GDI32.dll
 0004:00000064       __IMPORT_DESCRIPTOR_ADVAPI32 00414064   advapi32:ADVAPI32.dll
 0004:00000078       __IMPORT_DESCRIPTOR_MFCN42D 00414078   mfcn42d:MFCN42D.DLL
 0004:0000008c       __IMPORT_DESCRIPTOR_WSOCK32 0041408c   wsock32:WSOCK32.dll
 0004:000000a0       __NULL_IMPORT_DESCRIPTOR   004140a0   mfc42d:MFC42D.DLL
 0004:000007cc       __imp__RegQueryValueExA@24 004147cc   advapi32:ADVAPI32.dll
 0004:000007d0       __imp__RegSetValueExA@24   004147d0   advapi32:ADVAPI32.dll
 0004:000007d4       __imp__RegDeleteValueA@8   004147d4   advapi32:ADVAPI32.dll
 0004:000007d8       __imp__RegCloseKey@4       004147d8   advapi32:ADVAPI32.dll
 0004:000007dc       __imp__RegCreateKeyExA@36  004147dc   advapi32:ADVAPI32.dll
 0004:000007e0       \177ADVAPI32_NULL_THUNK_DATA 004147e0   advapi32:ADVAPI32.dll
 0004:000007e4       __imp__GetRegionData@12    004147e4   gdi32:GDI32.dll
 0004:000007e8       __imp__GetStockObject@4    004147e8   gdi32:GDI32.dll
 0004:000007ec       __imp__CreateRectRgn@16    004147ec   gdi32:GDI32.dll
 0004:000007f0       __imp__DeleteObject@4      004147f0   gdi32:GDI32.dll
 0004:000007f4       \177GDI32_NULL_THUNK_DATA  004147f4   gdi32:GDI32.dll
 0004:000007f8       __imp__GlobalUnlock@4      004147f8   kernel32:KERNEL32.dll
 0004:000007fc       __imp__GlobalAlloc@8       004147fc   kernel32:KERNEL32.dll
 0004:00000800       __imp__GetLastError@0      00414800   kernel32:KERNEL32.dll
 0004:00000804       __imp__Beep@8              00414804   kernel32:KERNEL32.dll
 0004:00000808       __imp__GlobalMemoryStatus@4 00414808   kernel32:KERNEL32.dll
 0004:0000080c       __imp__Sleep@4             0041480c   kernel32:KERNEL32.dll
 0004:00000810       __imp__GetVersion@0        00414810   kernel32:KERNEL32.dll
 0004:00000814       __imp__GetModuleHandleA@4  00414814   kernel32:KERNEL32.dll
 0004:00000818       __imp__GetStartupInfoA@4   00414818   kernel32:KERNEL32.dll
 0004:0000081c       __imp__GlobalLock@4        0041481c   kernel32:KERNEL32.dll
 0004:00000820       \177KERNEL32_NULL_THUNK_DATA 00414820   kernel32:KERNEL32.dll
 0004:00000824       __imp_?GetConnectionHook@CCmdTarget@@MAEPAUIConnectionPoint@@ABU_GUID@@@Z 00414824   mfc42d:MFC42D.DLL
 0004:00000828       __imp_?WinHelpA@CWnd@@UAEXKI@Z 00414828   mfc42d:MFC42D.DLL
 0004:0000082c       __imp_?GetScrollBarCtrl@CWnd@@UBEPAVCScrollBar@@H@Z 0041482c   mfc42d:MFC42D.DLL
 0004:00000830       __imp_?OnToolHitTest@CWnd@@UBEHVCPoint@@PAUtagTOOLINFOA@@@Z 00414830   mfc42d:MFC42D.DLL
 0004:00000834       __imp_?CalcWindowRect@CWnd@@UAEXPAUtagRECT@@I@Z 00414834   mfc42d:MFC42D.DLL
 0004:00000838       __imp_?PreCreateWindow@CWnd@@UAEHAAUtagCREATESTRUCTA@@@Z 00414838   mfc42d:MFC42D.DLL
 0004:0000083c       __imp_?DestroyWindow@CWnd@@UAEHXZ 0041483c   mfc42d:MFC42D.DLL
 0004:00000840       __imp_?Create@CWnd@@UAEHPBD0KABUtagRECT@@PAV1@IPAUCCreateContext@@@Z 00414840   mfc42d:MFC42D.DLL
 0004:00000844       __imp_?EndModalLoop@CWnd@@UAEXH@Z 00414844   mfc42d:MFC42D.DLL
 0004:00000848       __imp_?ContinueModal@CWnd@@UAEHXZ 00414848   mfc42d:MFC42D.DLL
 0004:0000084c       __imp_?GetExtraConnectionPoints@CCmdTarget@@MAEHPAVCPtrArray@@@Z 0041484c   mfc42d:MFC42D.DLL
 0004:00000850       __imp_?GetInterfaceHook@CCmdTarget@@UAEPAUIUnknown@@PBX@Z 00414850   mfc42d:MFC42D.DLL
 0004:00000854       __imp_?OnCreateAggregates@CCmdTarget@@UAEHXZ 00414854   mfc42d:MFC42D.DLL
 0004:00000858       __imp_?GetEventSinkMap@CCmdTarget@@MBEPBUAFX_EVENTSINKMAP@@XZ 00414858   mfc42d:MFC42D.DLL
 0004:0000085c       __imp_?GetInterfaceMap@CCmdTarget@@MBEPBUAFX_INTERFACEMAP@@XZ 0041485c   mfc42d:MFC42D.DLL
 0004:00000860       __imp_?GetConnectionMap@CCmdTarget@@MBEPBUAFX_CONNECTIONMAP@@XZ 00414860   mfc42d:MFC42D.DLL
 0004:00000864       __imp_?GetDispatchMap@CCmdTarget@@MBEPBUAFX_DISPMAP@@XZ 00414864   mfc42d:MFC42D.DLL
 0004:00000868       __imp_?GetCommandMap@CCmdTarget@@MBEPBUAFX_OLECMDMAP@@XZ 00414868   mfc42d:MFC42D.DLL
 0004:0000086c       __imp_?PreSubclassWindow@CWnd@@UAEXXZ 0041486c   mfc42d:MFC42D.DLL
 0004:00000870       __imp_?GetTypeLib@CCmdTarget@@UAEJKPAPAUITypeLib@@@Z 00414870   mfc42d:MFC42D.DLL
 0004:00000874       __imp_?GetTypeInfoCount@CCmdTarget@@UAEIXZ 00414874   mfc42d:MFC42D.DLL
 0004:00000878       __imp_?GetDispatchIID@CCmdTarget@@UAEHPAU_GUID@@@Z 00414878   mfc42d:MFC42D.DLL
 0004:0000087c       __imp_?IsInvokeAllowed@CCmdTarget@@UAEHJ@Z 0041487c   mfc42d:MFC42D.DLL
 0004:00000880       __imp_?OnFinalRelease@CWnd@@UAEXXZ 00414880   mfc42d:MFC42D.DLL
 0004:00000884       __imp_?OnCmdMsg@CDialog@@UAEHIHPAXPAUAFX_CMDHANDLERINFO@@@Z 00414884   mfc42d:MFC42D.DLL
 0004:00000888       __imp_?Dump@CDialog@@UBEXAAVCDumpContext@@@Z 00414888   mfc42d:MFC42D.DLL
 0004:0000088c       __imp_?AssertValid@CDialog@@UBEXXZ 0041488c   mfc42d:MFC42D.DLL
 0004:00000890       __imp_?Serialize@CObject@@UAEXAAVCArchive@@@Z 00414890   mfc42d:MFC42D.DLL
 0004:00000894       __imp_?GetRuntimeClass@CDialog@@UBEPAUCRuntimeClass@@XZ 00414894   mfc42d:MFC42D.DLL
 0004:00000898       __imp_??1CDialog@@UAE@XZ   00414898   mfc42d:MFC42D.DLL
 0004:0000089c       __imp_??0CDialog@@QAE@IPAVCWnd@@@Z 0041489c   mfc42d:MFC42D.DLL
 0004:000008a0       __imp_??3CObject@@SGXPAX@Z 004148a0   mfc42d:MFC42D.DLL
 0004:000008a4       __imp_?DDX_Check@@YGXPAVCDataExchange@@HAAH@Z 004148a4   mfc42d:MFC42D.DLL
 0004:000008a8       __imp_?DDX_Radio@@YGXPAVCDataExchange@@HAAH@Z 004148a8   mfc42d:MFC42D.DLL
 0004:000008ac       __imp_?DoDataExchange@CWnd@@MAEXPAVCDataExchange@@@Z 004148ac   mfc42d:MFC42D.DLL
 0004:000008b0       __imp_?messageMap@CDialog@@1UAFX_MSGMAP@@B 004148b0   mfc42d:MFC42D.DLL
 0004:000008b4       __imp_?OnDestroy@CView@@IAEXXZ 004148b4   mfc42d:MFC42D.DLL
 0004:000008b8       __imp_??2CObject@@SGPAXI@Z 004148b8   mfc42d:MFC42D.DLL
 0004:000008bc       __imp_?classCView@CView@@2UCRuntimeClass@@B 004148bc   mfc42d:MFC42D.DLL
 0004:000008c0       __imp_?GetTypeLibCache@CCmdTarget@@UAEPAVCTypeLibCache@@XZ 004148c0   mfc42d:MFC42D.DLL
 0004:000008c4       __imp_?messageMap@CView@@1UAFX_MSGMAP@@B 004148c4   mfc42d:MFC42D.DLL
 0004:000008c8       __imp_?OnEndPrinting@CView@@MAEXPAVCDC@@PAUCPrintInfo@@@Z 004148c8   mfc42d:MFC42D.DLL
 0004:000008cc       __imp_?OnPrint@CView@@MAEXPAVCDC@@PAUCPrintInfo@@@Z 004148cc   mfc42d:MFC42D.DLL
 0004:000008d0       __imp_?OnBeginPrinting@CView@@MAEXPAVCDC@@PAUCPrintInfo@@@Z 004148d0   mfc42d:MFC42D.DLL
 0004:000008d4       __imp_?OnPreparePrinting@CView@@MAEHPAUCPrintInfo@@@Z 004148d4   mfc42d:MFC42D.DLL
 0004:000008d8       __imp_?OnActivateFrame@CView@@MAEXIPAVCFrameWnd@@@Z 004148d8   mfc42d:MFC42D.DLL
 0004:000008dc       __imp_?OnActivateView@CView@@MAEXHPAV1@0@Z 004148dc   mfc42d:MFC42D.DLL
 0004:000008e0       __imp_?OnInitialUpdate@CView@@UAEXXZ 004148e0   mfc42d:MFC42D.DLL
 0004:000008e4       __imp_?OnPrepareDC@CView@@UAEXPAVCDC@@PAUCPrintInfo@@@Z 004148e4   mfc42d:MFC42D.DLL
 0004:000008e8       __imp_?OnDragScroll@CView@@UAEKKVCPoint@@@Z 004148e8   mfc42d:MFC42D.DLL
 0004:000008ec       __imp_?OnDropEx@CView@@UAEKPAVCOleDataObject@@KKVCPoint@@@Z 004148ec   mfc42d:MFC42D.DLL
 0004:000008f0       __imp_?OnDrop@CView@@UAEHPAVCOleDataObject@@KVCPoint@@@Z 004148f0   mfc42d:MFC42D.DLL
 0004:000008f4       __imp_?OnDragLeave@CView@@UAEXXZ 004148f4   mfc42d:MFC42D.DLL
 0004:000008f8       __imp_?OnDragOver@CView@@UAEKPAVCOleDataObject@@KVCPoint@@@Z 004148f8   mfc42d:MFC42D.DLL
 0004:000008fc       __imp_?OnDragEnter@CView@@UAEKPAVCOleDataObject@@KVCPoint@@@Z 004148fc   mfc42d:MFC42D.DLL
 0004:00000900       __imp_?OnScrollBy@CView@@UAEHVCSize@@H@Z 00414900   mfc42d:MFC42D.DLL
 0004:00000904       __imp_?OnScroll@CView@@UAEHIIH@Z 00414904   mfc42d:MFC42D.DLL
 0004:00000908       __imp_?IsSelected@CView@@UBEHPBVCObject@@@Z 00414908   mfc42d:MFC42D.DLL
 0004:0000090c       __imp_?SetOccDialogInfo@CWnd@@MAEHPAU_AFX_OCC_DIALOG_INFO@@@Z 0041490c   mfc42d:MFC42D.DLL
 0004:00000910       __imp_?CheckAutoCenter@CWnd@@UAEHXZ 00414910   mfc42d:MFC42D.DLL
 0004:00000914       __imp_?PostNcDestroy@CView@@MAEXXZ 00414914   mfc42d:MFC42D.DLL
 0004:00000918       __imp_?GetScrollBarCtrl@CView@@UBEPAVCScrollBar@@H@Z 00414918   mfc42d:MFC42D.DLL
 0004:0000091c       __imp_?CalcWindowRect@CView@@UAEXPAUtagRECT@@I@Z 0041491c   mfc42d:MFC42D.DLL
 0004:00000920       __imp_?PreCreateWindow@CView@@MAEHAAUtagCREATESTRUCTA@@@Z 00414920   mfc42d:MFC42D.DLL
 0004:00000924       __imp_?OnCmdMsg@CView@@MAEHIHPAXPAUAFX_CMDHANDLERINFO@@@Z 00414924   mfc42d:MFC42D.DLL
 0004:00000928       __imp_??1CView@@UAE@XZ     00414928   mfc42d:MFC42D.DLL
 0004:0000092c       __imp_??1CDC@@UAE@XZ       0041492c   mfc42d:MFC42D.DLL
 0004:00000930       __imp_?GetDeviceCaps@CDC@@QBEHH@Z 00414930   mfc42d:MFC42D.DLL
 0004:00000934       __imp_?CreateCompatibleDC@CDC@@QAEHPAV1@@Z 00414934   mfc42d:MFC42D.DLL
 0004:00000938       __imp_??0CDC@@QAE@XZ       00414938   mfc42d:MFC42D.DLL
 0004:0000093c       __imp_??0CView@@IAE@XZ     0041493c   mfc42d:MFC42D.DLL
 0004:00000940       __imp_?SelectPalette@CDC@@QAEPAVCPalette@@PAV2@H@Z 00414940   mfc42d:MFC42D.DLL
 0004:00000944       __imp_??0CRect@@QAE@XZ     00414944   mfc42d:MFC42D.DLL
 0004:00000948       __imp_?RealizePalette@CDC@@QAEIXZ 00414948   mfc42d:MFC42D.DLL
 0004:0000094c       __imp_?CreateFontA@CFont@@QAEHHHHHHEEEEEEEEPBD@Z 0041494c   mfc42d:MFC42D.DLL
 0004:00000950       __imp_??0CFont@@QAE@XZ     00414950   mfc42d:MFC42D.DLL
 0004:00000954       __imp_??1CPaintDC@@UAE@XZ  00414954   mfc42d:MFC42D.DLL
 0004:00000958       __imp_?AfxAssertFailedLine@@YGHPBDH@Z 00414958   mfc42d:MFC42D.DLL
 0004:0000095c       __imp_??0CPaintDC@@QAE@PAVCWnd@@@Z 0041495c   mfc42d:MFC42D.DLL
 0004:00000960       __imp_?AssertValid@CView@@UBEXXZ 00414960   mfc42d:MFC42D.DLL
 0004:00000964       __imp_?OnEndPrintPreview@CView@@MAEXPAVCDC@@PAUCPrintInfo@@UtagPOINT@@PAVCPreviewView@@@Z 00414964   mfc42d:MFC42D.DLL
 0004:00000968       __imp_?IsKindOf@CObject@@QBEHPBUCRuntimeClass@@@Z 00414968   mfc42d:MFC42D.DLL
 0004:0000096c       __imp_?Dump@CView@@UBEXAAVCDumpContext@@@Z 0041496c   mfc42d:MFC42D.DLL
 0004:00000970       __imp_?Invalidate@CWnd@@QAEXH@Z 00414970   mfc42d:MFC42D.DLL
 0004:00000974       __imp_?UpdateWindow@CWnd@@QAEXXZ 00414974   mfc42d:MFC42D.DLL
 0004:00000978       __imp_?InvalidateRect@CWnd@@QAEXPBUtagRECT@@H@Z 00414978   mfc42d:MFC42D.DLL
 0004:0000097c       __imp_??0CRect@@QAE@HHHH@Z 0041497c   mfc42d:MFC42D.DLL
 0004:00000980       __imp_?ShowCaret@CWnd@@QAEXXZ 00414980   mfc42d:MFC42D.DLL
 0004:00000984       __imp_?CreateCaret@CWnd@@QAEXPAVCBitmap@@@Z 00414984   mfc42d:MFC42D.DLL
 0004:00000988       __imp_?ReleaseDC@CWnd@@QAEHPAVCDC@@@Z 00414988   mfc42d:MFC42D.DLL
 0004:0000098c       __imp_?GetTextMetricsA@CDC@@QBEHPAUtagTEXTMETRICA@@@Z 0041498c   mfc42d:MFC42D.DLL
 0004:00000990       __imp_?GetDC@CWnd@@QAEPAVCDC@@XZ 00414990   mfc42d:MFC42D.DLL
 0004:00000994       __imp_??1CBrush@@UAE@XZ    00414994   mfc42d:MFC42D.DLL
 0004:00000998       __imp_?SelectObject@CDC@@QAEPAVCBrush@@PAV2@@Z 00414998   mfc42d:MFC42D.DLL
 0004:0000099c       __imp_?SelectObject@CDC@@QAEPAVCBitmap@@PAV2@@Z 0041499c   mfc42d:MFC42D.DLL
 0004:000009a0       __imp_?PatBlt@CDC@@QAEHHHHHK@Z 004149a0   mfc42d:MFC42D.DLL
 0004:000009a4       __imp_??0CBrush@@QAE@K@Z   004149a4   mfc42d:MFC42D.DLL
 0004:000009a8       __imp_?CreateCompatibleBitmap@CBitmap@@QAEHPAVCDC@@HH@Z 004149a8   mfc42d:MFC42D.DLL
 0004:000009ac       __imp_??0CBitmap@@QAE@XZ   004149ac   mfc42d:MFC42D.DLL
 0004:000009b0       __imp_?OnSetFocus@CWnd@@IAEXPAV1@@Z 004149b0   mfc42d:MFC42D.DLL
 0004:000009b4       __imp_?OnKillFocus@CWnd@@IAEXPAV1@@Z 004149b4   mfc42d:MFC42D.DLL
 0004:000009b8       __imp_?OnChar@CWnd@@IAEXIII@Z 004149b8   mfc42d:MFC42D.DLL
 0004:000009bc       __imp_?OnKeyDown@CWnd@@IAEXIII@Z 004149bc   mfc42d:MFC42D.DLL
 0004:000009c0       __imp_?OnSysKeyDown@CWnd@@IAEXIII@Z 004149c0   mfc42d:MFC42D.DLL
 0004:000009c4       __imp_??1CListBox@@UAE@XZ  004149c4   mfc42d:MFC42D.DLL
 0004:000009c8       __imp_?OpenClipboard@CWnd@@QAEHXZ 004149c8   mfc42d:MFC42D.DLL
 0004:000009cc       __imp_?SetROP2@CDC@@QAEHH@Z 004149cc   mfc42d:MFC42D.DLL
 0004:000009d0       __imp_?Rectangle@CDC@@QAEHPBUtagRECT@@@Z 004149d0   mfc42d:MFC42D.DLL
 0004:000009d4       __imp_?SelectObject@CDC@@QAEPAXPAX@Z 004149d4   mfc42d:MFC42D.DLL
 0004:000009d8       __imp_?OnLButtonDown@CWnd@@IAEXIVCPoint@@@Z 004149d8   mfc42d:MFC42D.DLL
 0004:000009dc       __imp_?SetCapture@CWnd@@QAEPAV1@XZ 004149dc   mfc42d:MFC42D.DLL
 0004:000009e0       __imp_?OnMouseMove@CWnd@@IAEXIVCPoint@@@Z 004149e0   mfc42d:MFC42D.DLL
 0004:000009e4       __imp_?OnLButtonUp@CWnd@@IAEXIVCPoint@@@Z 004149e4   mfc42d:MFC42D.DLL
 0004:000009e8       __imp_??1CMenu@@UAE@XZ     004149e8   mfc42d:MFC42D.DLL
 0004:000009ec       __imp_?TrackPopupMenu@CMenu@@QAEHIHHPAVCWnd@@PBUtagRECT@@@Z 004149ec   mfc42d:MFC42D.DLL
 0004:000009f0       __imp_?GetParent@CWnd@@QBEPAV1@XZ 004149f0   mfc42d:MFC42D.DLL
 0004:000009f4       __imp_?GetStyle@CWnd@@QBEKXZ 004149f4   mfc42d:MFC42D.DLL
 0004:000009f8       __imp_?GetSubMenu@CMenu@@QBEPAV1@H@Z 004149f8   mfc42d:MFC42D.DLL
[...]
 0004:00000c48       __imp_?DelayUpdateFrameMenu@CMDIFrameWnd@@UAEXPAUHMENU__@@@Z 00414c48   mfc42d:MFC42D.DLL
 0004:00000c4c       __imp_?GetDefaultAccelerator@CFrameWnd@@UAEPAUHACCEL__@@XZ 00414c4c   mfc42d:MFC42D.DLL
 0004:00000c50       __imp_?OnUpdateFrameMenu@CMDIFrameWnd@@UAEXPAUHMENU__@@@Z 00414c50   mfc42d:MFC42D.DLL
 0004:00000c54       __imp_?OnUpdateFrameTitle@CMDIFrameWnd@@UAEXH@Z 00414c54   mfc42d:MFC42D.DLL
 0004:00000c58       __imp_?OnCreateClient@CMDIFrameWnd@@UAEHPAUtagCREATESTRUCTA@@PAUCCreateContext@@@Z 00414c58   mfc42d:MFC42D.DLL
 0004:00000c5c       __imp_?NegotiateBorderSpace@CFrameWnd@@UAEHIPAUtagRECT@@@Z 00414c5c   mfc42d:MFC42D.DLL
 0004:00000c60       __imp_?GetMessageBar@CFrameWnd@@UAEPAVCWnd@@XZ 00414c60   mfc42d:MFC42D.DLL
 0004:00000c64       __imp_?OnSetPreviewMode@CFrameWnd@@UAEXHPAUCPrintPreviewState@@@Z 00414c64   mfc42d:MFC42D.DLL
 0004:00000c68       __imp_?ActivateFrame@CFrameWnd@@UAEXH@Z 00414c68   mfc42d:MFC42D.DLL
 0004:00000c6c       __imp_?RecalcLayout@CFrameWnd@@UAEXH@Z 00414c6c   mfc42d:MFC42D.DLL
 0004:00000c70       __imp_?GetMessageString@CFrameWnd@@UBEXIAAVCString@@@Z 00414c70   mfc42d:MFC42D.DLL
 0004:00000c74       __imp_?GetActiveFrame@CMDIFrameWnd@@UAEPAVCFrameWnd@@XZ 00414c74   mfc42d:MFC42D.DLL
 0004:00000c78       __imp_?GetActiveDocument@CFrameWnd@@UAEPAVCDocument@@XZ 00414c78   mfc42d:MFC42D.DLL
 0004:00000c7c       __imp_?LoadFrame@CMDIFrameWnd@@UAEHIKPAVCWnd@@PAUCCreateContext@@@Z 00414c7c   mfc42d:MFC42D.DLL
 0004:00000c80       __imp_?IsFrameWnd@CFrameWnd@@UBEHXZ 00414c80   mfc42d:MFC42D.DLL
 0004:00000c84       __imp_?PostNcDestroy@CFrameWnd@@MAEXXZ 00414c84   mfc42d:MFC42D.DLL
 0004:00000c88       __imp_?DefWindowProcA@CMDIFrameWnd@@MAEJIIJ@Z 00414c88   mfc42d:MFC42D.DLL
 0004:00000c8c       __imp_?PreTranslateMessage@CMDIFrameWnd@@UAEHPAUtagMSG@@@Z 00414c8c   mfc42d:MFC42D.DLL
 0004:00000c90       __imp_?EndModalState@CFrameWnd@@UAEXXZ 00414c90   mfc42d:MFC42D.DLL
 0004:00000c94       __imp_?BeginModalState@CFrameWnd@@UAEXXZ 00414c94   mfc42d:MFC42D.DLL
 0004:00000c98       __imp_?OnCommand@CMDIFrameWnd@@MAEHIJ@Z 00414c98   mfc42d:MFC42D.DLL
 0004:00000c9c       __imp_?PreCreateWindow@CMDIFrameWnd@@UAEHAAUtagCREATESTRUCTA@@@Z 00414c9c   mfc42d:MFC42D.DLL
 0004:00000ca0       __imp_?OnCmdMsg@CMDIFrameWnd@@UAEHIHPAXPAUAFX_CMDHANDLERINFO@@@Z 00414ca0   mfc42d:MFC42D.DLL
 0004:00000ca4       __imp_??1CStatusBar@@UAE@XZ 00414ca4   mfc42d:MFC42D.DLL
 0004:00000ca8       __imp_??1CToolBar@@UAE@XZ  00414ca8   mfc42d:MFC42D.DLL
 0004:00000cac       __imp_??0CToolBar@@QAE@XZ  00414cac   mfc42d:MFC42D.DLL
 0004:00000cb0       __imp_??0CStatusBar@@QAE@XZ 00414cb0   mfc42d:MFC42D.DLL
 0004:00000cb4       __imp_??0CMDIFrameWnd@@QAE@XZ 00414cb4   mfc42d:MFC42D.DLL
 0004:00000cb8       __imp_??1CFrameWnd@@UAE@XZ 00414cb8   mfc42d:MFC42D.DLL
 0004:00000cbc       __imp_?ShowWindow@CWnd@@QAEHH@Z 00414cbc   mfc42d:MFC42D.DLL
 0004:00000cc0       __imp_?SetBarStyle@CControlBar@@QAEXK@Z 00414cc0   mfc42d:MFC42D.DLL
 0004:00000cc4       __imp_?GetBarStyle@CControlBar@@QAEKXZ 00414cc4   mfc42d:MFC42D.DLL
 0004:00000cc8       __imp_?DockControlBar@CFrameWnd@@QAEXPAVCControlBar@@IPBUtagRECT@@@Z 00414cc8   mfc42d:MFC42D.DLL
 0004:00000ccc       __imp_?EnableDocking@CFrameWnd@@QAEXK@Z 00414ccc   mfc42d:MFC42D.DLL
 0004:00000cd0       __imp_?EnableDocking@CControlBar@@QAEXK@Z 00414cd0   mfc42d:MFC42D.DLL
 0004:00000cd4       __imp_?AfxTrace@@YAXPBDZZ  00414cd4   mfc42d:MFC42D.DLL
 0004:00000cd8       __imp_?SetIndicators@CStatusBar@@QAEHPBIH@Z 00414cd8   mfc42d:MFC42D.DLL
 0004:00000cdc       __imp_?Create@CStatusBar@@QAEHPAVCWnd@@KI@Z 00414cdc   mfc42d:MFC42D.DLL
 0004:00000ce0       __imp_?SetWindowTextA@CWnd@@QAEXPBD@Z 00414ce0   mfc42d:MFC42D.DLL
 0004:00000ce4       __imp_?SetButtons@CToolBar@@QAEHPBIH@Z 00414ce4   mfc42d:MFC42D.DLL
 0004:00000ce8       __imp_?LoadBitmapA@CToolBar@@QAEHI@Z 00414ce8   mfc42d:MFC42D.DLL
 0004:00000cec       __imp_?Create@CToolBar@@QAEHPAVCWnd@@KI@Z 00414cec   mfc42d:MFC42D.DLL
 0004:00000cf0       __imp_?OnCreate@CFrameWnd@@IAEHPAUtagCREATESTRUCTA@@@Z 00414cf0   mfc42d:MFC42D.DLL
 0004:00000cf4       __imp_?AssertValid@CMDIFrameWnd@@UBEXXZ 00414cf4   mfc42d:MFC42D.DLL
 0004:00000cf8       __imp_?Dump@CMDIFrameWnd@@UBEXAAVCDumpContext@@@Z 00414cf8   mfc42d:MFC42D.DLL
 0004:00000cfc       __imp_?MDINext@CMDIFrameWnd@@QAEXXZ 00414cfc   mfc42d:MFC42D.DLL
 0004:00000d00       __imp_?GetFaceName@CFontDialog@@QBE?AVCString@@XZ 00414d00   mfc42d:MFC42D.DLL
 0004:00000d04       __imp_?DoModal@CFontDialog@@UAEHXZ 00414d04   mfc42d:MFC42D.DLL
 0004:00000d08       __imp_??0CFontDialog@@QAE@PAUtagLOGFONTA@@KPAVCDC@@PAVCWnd@@@Z 00414d08   mfc42d:MFC42D.DLL
 0004:00000d0c       __imp_?GetDocument@CView@@QBEPAVCDocument@@XZ 00414d0c   mfc42d:MFC42D.DLL
 0004:00000d10       __imp_?GetActiveView@CFrameWnd@@QBEPAVCView@@XZ 00414d10   mfc42d:MFC42D.DLL
 0004:00000d14       __imp_??0CEdit@@QAE@XZ     00414d14   mfc42d:MFC42D.DLL
 0004:00000d18       __imp_?DDV_MaxChars@@YGXPAVCDataExchange@@ABVCString@@H@Z 00414d18   mfc42d:MFC42D.DLL
 0004:00000d1c       __imp_?MoveWindow@CWnd@@QAEXHHHHH@Z 00414d1c   mfc42d:MFC42D.DLL
 0004:00000d20       __imp_?Width@CRect@@QBEHXZ 00414d20   mfc42d:MFC42D.DLL
 0004:00000d24       __imp_?Height@CRect@@QBEHXZ 00414d24   mfc42d:MFC42D.DLL
 0004:00000d28       __imp_?GetWindowRect@CWnd@@QBEXPAUtagRECT@@@Z 00414d28   mfc42d:MFC42D.DLL
 0004:00000d2c       __imp_?SetIcon@CWnd@@QAEPAUHICON__@@PAU2@H@Z 00414d2c   mfc42d:MFC42D.DLL
 0004:00000d30       __imp_?LoadIconA@CWinApp@@QBEPAUHICON__@@I@Z 00414d30   mfc42d:MFC42D.DLL
 0004:00000d34       __imp_?EnableWindow@CWnd@@QAEHH@Z 00414d34   mfc42d:MFC42D.DLL
 0004:00000d38       __imp_?DefWindowProcA@CWnd@@MAEJIIJ@Z 00414d38   mfc42d:MFC42D.DLL
 0004:00000d3c       __imp_?PostNcDestroy@CWnd@@MAEXXZ 00414d3c   mfc42d:MFC42D.DLL
 0004:00000d40       __imp_?OnChildNotify@CWnd@@MAEHIIJPAJ@Z 00414d40   mfc42d:MFC42D.DLL
 0004:00000d44       __imp_?CheckAutoCenter@CDialog@@UAEHXZ 00414d44   mfc42d:MFC42D.DLL
 0004:00000d48       __imp_?IsFrameWnd@CWnd@@UBEHXZ 00414d48   mfc42d:MFC42D.DLL
 0004:00000d4c       __imp_?SetOccDialogInfo@CDialog@@MAEHPAU_AFX_OCC_DIALOG_INFO@@@Z 00414d4c   mfc42d:MFC42D.DLL
 0004:00000d50       __imp_?DoModal@CDialog@@UAEHXZ 00414d50   mfc42d:MFC42D.DLL
 0004:00000d54       __imp_?OnInitDialog@CDialog@@UAEHXZ 00414d54   mfc42d:MFC42D.DLL
 0004:00000d58       __imp_?OnSetFont@CDialog@@UAEXPAVCFont@@@Z 00414d58   mfc42d:MFC42D.DLL
 0004:00000d5c       __imp_?OnOK@CDialog@@MAEXXZ 00414d5c   mfc42d:MFC42D.DLL
 0004:00000d60       __imp_?OnCancel@CDialog@@MAEXXZ 00414d60   mfc42d:MFC42D.DLL
 0004:00000d64       __imp_?GetSuperWndProcAddr@CWnd@@MAEPAP6GJPAUHWND__@@IIJ@ZXZ 00414d64   mfc42d:MFC42D.DLL
 0004:00000d68       __imp_?BeginModalState@CWnd@@UAEXXZ 00414d68   mfc42d:MFC42D.DLL
 0004:00000d6c       __imp_?EndModalState@CWnd@@UAEXXZ 00414d6c   mfc42d:MFC42D.DLL
 0004:00000d70       __imp_?PreTranslateMessage@CDialog@@UAEHPAUtagMSG@@@Z 00414d70   mfc42d:MFC42D.DLL
 0004:00000d74       __imp_?OnAmbientProperty@CWnd@@UAEHPAVCOleControlSite@@JPAUtagVARIANT@@@Z 00414d74   mfc42d:MFC42D.DLL
 0004:00000d78       __imp_?WindowProc@CWnd@@MAEJIIJ@Z 00414d78   mfc42d:MFC42D.DLL
 0004:00000d7c       __imp_?OnWndMsg@CWnd@@MAEHIIJPAJ@Z 00414d7c   mfc42d:MFC42D.DLL
 0004:00000d80       __imp_?PreCloseFrame@CDocument@@UAEXPAVCFrameWnd@@@Z 00414d80   mfc42d:MFC42D.DLL
 0004:00000d84       __imp_?SaveModified@CDocument@@UAEHXZ 00414d84   mfc42d:MFC42D.DLL
 0004:00000d88       __imp_?GetDefaultAccelerator@CDocument@@UAEPAUHACCEL__@@XZ 00414d88   mfc42d:MFC42D.DLL
 0004:00000d8c       __imp_?DeleteMenu@CMenu@@QAEHII@Z 00414d8c   mfc42d:MFC42D.DLL
 0004:00000d90       __imp_?AfxGetModuleState@@YGPAVAFX_MODULE_STATE@@XZ 00414d90   mfc42d:MFC42D.DLL
 0004:00000d94       __imp_?AfxWinMain@@YGHPAUHINSTANCE__@@0PADH@Z 00414d94   mfc42d:MFC42D.DLL
 0004:00000d98       \177MFC42D_NULL_THUNK_DATA 00414d98   mfc42d:MFC42D.DLL
 0004:00000d9c       __imp_?AfxSocketInit@@YGHPAUWSAData@@@Z 00414d9c   mfcn42d:MFCN42D.DLL
 0004:00000da0       __imp_?Connect@CAsyncSocket@@QAEHPBDI@Z 00414da0   mfcn42d:MFCN42D.DLL
 0004:00000da4       __imp_?Create@CAsyncSocket@@QAEHIHJPBD@Z 00414da4   mfcn42d:MFCN42D.DLL
 0004:00000da8       __imp_?Receive@CAsyncSocket@@UAEHPAXHH@Z 00414da8   mfcn42d:MFCN42D.DLL
 0004:00000dac       __imp_?Send@CAsyncSocket@@UAEHPBXHH@Z 00414dac   mfcn42d:MFCN42D.DLL
 0004:00000db0       __imp_?OnSend@CAsyncSocket@@MAEXH@Z 00414db0   mfcn42d:MFCN42D.DLL
 0004:00000db4       __imp_?OnOutOfBandData@CAsyncSocket@@MAEXH@Z 00414db4   mfcn42d:MFCN42D.DLL
 0004:00000db8       __imp_?OnAccept@CAsyncSocket@@MAEXH@Z 00414db8   mfcn42d:MFCN42D.DLL
 0004:00000dbc       __imp_?ConnectHelper@CAsyncSocket@@MAEHPBUsockaddr@@H@Z 00414dbc   mfcn42d:MFCN42D.DLL
 0004:00000dc0       __imp_?ReceiveFromHelper@CAsyncSocket@@MAEHPAXHPAUsockaddr@@PAHH@Z 00414dc0   mfcn42d:MFCN42D.DLL
 0004:00000dc4       __imp_?Accept@CAsyncSocket@@UAEHAAV1@PAUsockaddr@@PAH@Z 00414dc4   mfcn42d:MFCN42D.DLL
 0004:00000dc8       __imp_?Dump@CAsyncSocket@@UBEXAAVCDumpContext@@@Z 00414dc8   mfcn42d:MFCN42D.DLL
 0004:00000dcc       __imp_?AssertValid@CAsyncSocket@@UBEXXZ 00414dcc   mfcn42d:MFCN42D.DLL
 0004:00000dd0       __imp_??1CAsyncSocket@@UAE@XZ 00414dd0   mfcn42d:MFCN42D.DLL
 0004:00000dd4       __imp_??0CAsyncSocket@@QAE@XZ 00414dd4   mfcn42d:MFCN42D.DLL
 0004:00000dd8       __imp_?OnReceive@CAsyncSocket@@MAEXH@Z 00414dd8   mfcn42d:MFCN42D.DLL
 0004:00000ddc       __imp_?classCSocket@CSocket@@2UCRuntimeClass@@B 00414ddc   mfcn42d:MFCN42D.DLL
 0004:00000de0       __imp_?SendToHelper@CAsyncSocket@@MAEHPBXHPBUsockaddr@@HH@Z 00414de0   mfcn42d:MFCN42D.DLL
 0004:00000de4       __imp_?Close@CAsyncSocket@@UAEXXZ 00414de4   mfcn42d:MFCN42D.DLL
 0004:00000de8       \177MFCN42D_NULL_THUNK_DATA 00414de8   mfcn42d:MFCN42D.DLL
 0004:00000dec       __imp__strcat              00414dec   msvcrtd:MSVCRTD.dll
 0004:00000df0       __imp__strchr              00414df0   msvcrtd:MSVCRTD.dll
 0004:00000df4       __imp__sscanf              00414df4   msvcrtd:MSVCRTD.dll
 0004:00000df8       __imp____p___argv          00414df8   msvcrtd:MSVCRTD.dll
 0004:00000dfc       __imp____set_app_type      00414dfc   msvcrtd:MSVCRTD.dll
 0004:00000e00       __imp___except_handler3    00414e00   msvcrtd:MSVCRTD.dll
 0004:00000e04       __imp___onexit             00414e04   msvcrtd:MSVCRTD.dll
 0004:00000e08       __imp__memcpy              00414e08   msvcrtd:MSVCRTD.dll
 0004:00000e0c       __imp____p___argc          00414e0c   msvcrtd:MSVCRTD.dll
 0004:00000e10       __imp__free                00414e10   msvcrtd:MSVCRTD.dll
 0004:00000e14       __imp__memset              00414e14   msvcrtd:MSVCRTD.dll
 0004:00000e18       __imp___controlfp          00414e18   msvcrtd:MSVCRTD.dll
 0004:00000e1c       __imp____p__fmode          00414e1c   msvcrtd:MSVCRTD.dll
 0004:00000e20       __imp__atoi                00414e20   msvcrtd:MSVCRTD.dll
 0004:00000e24       __imp___errno              00414e24   msvcrtd:MSVCRTD.dll
 0004:00000e28       __imp___setmbcp            00414e28   msvcrtd:MSVCRTD.dll
 0004:00000e2c       __imp__strnicmp            00414e2c   msvcrtd:MSVCRTD.dll
 0004:00000e2c       __imp___strnicmp           00414e2c   msvcrtd:MSVCRTD.dll
 0004:00000e30       __imp__fopen               00414e30   msvcrtd:MSVCRTD.dll
 0004:00000e34       __imp____p__commode        00414e34   msvcrtd:MSVCRTD.dll
 0004:00000e38       __imp____dllonexit         00414e38   msvcrtd:MSVCRTD.dll
 0004:00000e3c       __imp___sys_errlist        00414e3c   msvcrtd:MSVCRTD.dll
 0004:00000e40       __imp__fgetc               00414e40   msvcrtd:MSVCRTD.dll
 0004:00000e44       __imp__fclose              00414e44   msvcrtd:MSVCRTD.dll
 0004:00000e48       __imp___ftime              00414e48   msvcrtd:MSVCRTD.dll
 0004:00000e4c       __imp___ftol               00414e4c   msvcrtd:MSVCRTD.dll
 0004:00000e50       __imp__malloc              00414e50   msvcrtd:MSVCRTD.dll
 0004:00000e54       __imp__sprintf             00414e54   msvcrtd:MSVCRTD.dll
 0004:00000e58       __imp__strlen              00414e58   msvcrtd:MSVCRTD.dll
 0004:00000e5c       __imp__strcmp              00414e5c   msvcrtd:MSVCRTD.dll
 0004:00000e60       __imp__strcpy              00414e60   msvcrtd:MSVCRTD.dll
 0004:00000e64       __imp____CxxFrameHandler   00414e64   msvcrtd:MSVCRTD.dll
 0004:00000e68       __imp___adjust_fdiv        00414e68   msvcrtd:MSVCRTD.dll
 0004:00000e6c       __imp____setusermatherr    00414e6c   msvcrtd:MSVCRTD.dll
 0004:00000e70       __imp____getmainargs       00414e70   msvcrtd:MSVCRTD.dll
 0004:00000e74       __imp___initterm           00414e74   msvcrtd:MSVCRTD.dll
 0004:00000e78       __imp____p__acmdln         00414e78   msvcrtd:MSVCRTD.dll
 0004:00000e7c       __imp__exit                00414e7c   msvcrtd:MSVCRTD.dll
 0004:00000e80       __imp___XcptFilter         00414e80   msvcrtd:MSVCRTD.dll
 0004:00000e84       __imp___exit               00414e84   msvcrtd:MSVCRTD.dll
 0004:00000e88       __imp_?terminate@@YAXXZ    00414e88   msvcrtd:MSVCRTD.dll
 0004:00000e8c       __imp__stricmp             00414e8c   msvcrtd:MSVCRTD.dll
 0004:00000e8c       __imp___stricmp            00414e8c   msvcrtd:MSVCRTD.dll
 0004:00000e90       \177MSVCRTD_NULL_THUNK_DATA 00414e90   msvcrtd:MSVCRTD.dll
 0004:00000e94       __imp__GetKeyState@4       00414e94   user32:USER32.dll
 0004:00000e98       __imp__CharToOemA@8        00414e98   user32:USER32.dll
 0004:00000e9c       __imp__MessageBoxA@16      00414e9c   user32:USER32.dll
 0004:00000ea0       __imp__EmptyClipboard@0    00414ea0   user32:USER32.dll
 0004:00000ea4       __imp__SetClipboardData@8  00414ea4   user32:USER32.dll
 0004:00000ea8       __imp__CloseClipboard@0    00414ea8   user32:USER32.dll
 0004:00000eac       __imp__IsClipboardFormatAvailable@4 00414eac   user32:USER32.dll
 0004:00000eb0       __imp__ShowCaret@4         00414eb0   user32:USER32.dll
 0004:00000eb4       __imp__DestroyCaret@0      00414eb4   user32:USER32.dll
 0004:00000eb8       __imp__CreateCaret@16      00414eb8   user32:USER32.dll
 0004:00000ebc       __imp__GetUpdateRgn@12     00414ebc   user32:USER32.dll
 0004:00000ec0       __imp__SetCaretPos@8       00414ec0   user32:USER32.dll
 0004:00000ec4       __imp__GetClipboardData@4  00414ec4   user32:USER32.dll
 0004:00000ec8       __imp__ReleaseCapture@0    00414ec8   user32:USER32.dll
 0004:00000ecc       \177USER32_NULL_THUNK_DATA 00414ecc   user32:USER32.dll
 0004:00000ed0       __imp__gethostbyaddr@12    00414ed0   wsock32:WSOCK32.dll
 0004:00000ed4       __imp__gethostbyname@4     00414ed4   wsock32:WSOCK32.dll
 0004:00000ed8       __imp__inet_ntoa@4         00414ed8   wsock32:WSOCK32.dll
 0004:00000edc       __imp__WSAGetLastError@0   00414edc   wsock32:WSOCK32.dll
 0004:00000ee0       \177WSOCK32_NULL_THUNK_DATA 00414ee0   wsock32:WSOCK32.dll

 entry point at        0001:0000cbb0

 Static symbols

 0001:00009631       _$E187                     0040a631 f VTerm.obj
 0001:0000964b       _$E184                     0040a64b f VTerm.obj
 0001:00009665       _$E186                     0040a665 f VTerm.obj
 0001:00009682       _$E185                     0040a682 f VTerm.obj
 0001:0000a2cb       ?SauveParametres@@YAXXZ    0040b2cb f VTerm.obj
 0001:0000a4f9       ?LitParametres@@YAXXZ      0040b4f9 f VTerm.obj
 0001:00008b5d       ?SetStatus@@YAXVCString@@@Z 00409b5d f VTermDoc.obj
 0001:000044ad       _$E169                     004054ad f Terminal.obj
 0001:000044c2       _$E168                     004054c2 f Terminal.obj
 0001:00003050       _$E170                     00404050 f VTermGlobal.obj
 0001:0000306a       _$E167                     0040406a f VTermGlobal.obj
 0001:00003084       _$E169                     00404084 f VTermGlobal.obj
 0001:000030a1       _$E168                     004040a1 f VTermGlobal.obj
 0001:0000d0d0       _$E352                     0040e0d0 f mfcs42d:appmodul.obj
 0001:0000d0f0       _$E351                     0040e0f0 f mfcs42d:appmodul.obj
 0001:0000ca50       ?ArrayUnwindFilter@@YAHPAU_EXCEPTION_POINTERS@@@Z 0040da50 f msvcrtd:ehvecdtr.obj

FIXUPS: de41 fffffdf1 20 f 39 e6 39 fffffd7a fffffe6c 7d 53 fffffe47 35
FIXUPS: 2ff3 ea 16 162 47 ca 1c 9a dc 44 b 10d 9e 9 b ffffd928 4a b 29
FIXUPS: 10c1 15 15 55 13 5f b ce5a 23 25 55 23 25 ffff4951 16 11 32 c9
FIXUPS: 2b77 14 b1 22 14 140 14 35 11 17 13 1c 17 13 20 19 b 91 8 9 8 9
FIXUPS: 2f7b 17 12 16 26 fffff377 63 30 12 2b 10 19 20 5b 2b 10 19 2a 5b
FIXUPS: 25cf 10 1e 47 12 1c b 22 97 11a 27 e 74 10 fa 12 18 14 fffff472
FIXUPS: 1ec1 d8 b 7 1c 3a 5b 21 3a c 4b 30 e b 44 11 3f 19 39 f 10 10 22
FIXUPS: 229a c 22 a 9 b 24 f fffff54d 8d 37 2e 3b 22 b 22 22 28 17 39 42
FIXUPS: 1ade 23 17 59 55 32 32 32 78 17 42 e 2e 18 13 13 b a a1 1958 32
FIXUPS: 3828 e 23 57 13 5f b 45 ffffd882 1c 2d b 98 19e e a 2f 9 b 48 56
FIXUPS: 1582 150 13 b b b a8 43 20 21bf 2c 9 b 43 12 c7 9 b 29 15 17 17
FIXUPS: 3bc3 17 17 17 17 17 17 17 17 6b fe d5 14 cd 65 21 13 fffff742 35
FIXUPS: 51df f f f f f c 9 b 58 b 55 b ffffed4a 5 1a 1a 1d 18 7 16 7 3b
FIXUPS: 423a 1c 2f e b 64 16 b fffff69b 1390 21 20 20 20 20 20 20 20 20
FIXUPS: 4e8f 20 20 20 20 20 20 21 13 5f b 23 13 135 f f f f f f f f fffff685
FIXUPS: 486c 15 17 17 17 17 17 17 17 17 17 17 17 17 17 17 50 115 8d b 2d
FIXUPS: 4bf8 5d 1c d 45 12 14 24 17 1f fffff8de 12 12 12 12 12 12 12 12
FIXUPS: 46c3 12 12 12 12 2f f f f f f f f f f f f f f f c 9 b 2faf 15a
FIXUPS: 7961 b 24 13 5f b 23 13 ffffd9a0 33 ffffef4f 36 b 5d 3d b 19 1a
FIXUPS: 44f2 1a 32 1a 27 d 9 9 b 42 12 12 2057 1d 81 16 70 4d8 b 4a 15d
FIXUPS: 6e2a 34 38 8 a5 b 35 20a 11 11 11 160 59 53 81 1a 8a 47 38 8 59
FIXUPS: 7706 b8 ffffdef4 9 b 7e f 9 b 11f 405 30 c7 25 63 33 96 22 7d 22
FIXUPS: 5fdd 1a 8d 2d 3e 2d 36 25 22c 30 d0 25 bf 1d 15a1 16 b 6d 10 5b
FIXUPS: 7c55 34 b 77 1e 1e b 43 13 48 3a 2d 35 19 16 50 ffffd548 15 4c
FIXUPS: 54d3 1d 3d 15 12 dc 73 4b20 18 f 9 11 18 18 f 9 11 63 13 aa 121
FIXUPS: a4ad f f f f f f f f f f f c 9 b ffffd585 12 1d 207f 19 9 b 3a
FIXUPS: 9c60 23 23 23 59 16 16 16 9d 67 11 ad 79 21 47 1d 11 11 11 46 49
FIXUPS: a147 23 18 f 9 11 fffff649 19 19 19 e2 13 7c 1c 19 20 f 18 12 26
FIXUPS: 9a71 37 c c d c c c c c c c c 9 9 b 46 9 fffff85f 46 11 14 d f
FIXUPS: 9498 d a 29 44 60 9 54 d 34 12 5 49 35 19 19 19 19 19 19 19 19
FIXUPS: 9790 19 19 19 fffff78f 22 8 3b f 53 39 d 37 33 11 d 1d 6 8 2f 35
FIXUPS: 91a7 19 19 19 19 19 d1 c 65 d 12 33 11 11 11 fffff720 24 15 15
FIXUPS: 8b6a 15 16 38 39 20 b 3f 16 36 46 20 f 22 11 d 1d 3a 47 c c c 9
FIXUPS: 8e48 b 24 cd 13 fffff629 9 9 b 68 2e 64 b 32 62 16 10 1d 12 76
FIXUPS: 8811 97 4e b 29 23 23 d 4f 43 2b a 12 3e f 11 b fffff6af b b2 f
FIXUPS: 8249 f f c 9 b 22 22 27 b 1d 23 e 10 10 3a 49 2e 33 2c e e d 23
FIXUPS: 852b 8 22 22 34d6 83 13 5f b 23 13 5f b 7f c c 9 b ffffc2bc 1c
FIXUPS: 7f9d b 98 12 12 12 12 e 12 12 63 f f f f c 3377 b 70 10c 7b 18
FIXUPS: b71c b 28 3d e 28 b 3f e 28 b 3f e 28 b 3f e 28 b 3f e 28 b 3f
FIXUPS: ba1a 28 fffff53a 1f f a b e 35 9 9 b 2a 19 bd 60 45 48 19 b 42
FIXUPS: b284 e 1c b 70 90 36 11 19 d 27 a 7c fffff76d 9 35 9 9 9 9 9 9
FIXUPS: acbd 9 9 a a b 90 8 37 2c b 27 65 f 19 b 3c f 19 b 37 8 f fffff784
FIXUPS: a725 28 a 1c 58 f c d0 26 1f 47 41 26 1f 47 41 26 1f 47 d 49 2d
FIXUPS: ab6d e e e e d 3e 36 8 10b0 12 f f 3e 14 16 3b c c 9 b 29 15 15
FIXUPS: be45 15 15 51 13 ffffe714 2c b 1a 5 1a 1a 1d 35 13 f 5 1b2d 22
FIXUPS: c25b 20 49 14 11 43 1b b b 11 1c c b 5c 23 4c 7 27 7 7 9e f 19
FIXUPS: c579 27 13 5f b 55 b 89d d 20 2a 2f 13 ffffefc2 15 12 2f f 9 b
FIXUPS: c06c f 9 b 26 2f 1b 1d 17 20 1c 1d 17 20 d 15 e 12 a a1e 1b e 10
FIXUPS: cc83 16 f 18 16 16 12 9 b 42 16 16 8 d b 26 20 20 20 20 20 20 18
FIXUPS: ceb6 18 1e c 11 fffff9f9 9 b 29 12 17 17 17 17 17 17 17 17 17 17
FIXUPS: ca4b 17 14 17 14 17 14 17 65 c 7 9 8 c 8 2b 11 fffffb02 12 12 12
FIXUPS: c706 12 12 12 12 12 12 12 12 12 12 20 13 13 13 2f f f f f f f f
FIXUPS: c8ba f f f f
